Component: ARM Compiler 5.06 update 4 (build 422) Tool: armlink [4d35d2]

==============================================================================

Section Cross References

    startup_stm32f10x_md.o(RESET) refers to startup_stm32f10x_md.o(STACK) for __initial_sp
    startup_stm32f10x_md.o(RESET) refers to startup_stm32f10x_md.o(.text) for Reset_Handler
    startup_stm32f10x_md.o(RESET) refers to stm32f10x_it.o(i.NMI_Handler) for NMI_Handler
    startup_stm32f10x_md.o(RESET) refers to stm32f10x_it.o(i.HardFault_Handler) for HardFault_Handler
    startup_stm32f10x_md.o(RESET) refers to stm32f10x_it.o(i.MemManage_Handler) for MemManage_Handler
    startup_stm32f10x_md.o(RESET) refers to stm32f10x_it.o(i.BusFault_Handler) for BusFault_Handler
    startup_stm32f10x_md.o(RESET) refers to stm32f10x_it.o(i.UsageFault_Handler) for UsageFault_Handler
    startup_stm32f10x_md.o(RESET) refers to stm32f10x_it.o(i.DebugMon_Handler) for DebugMon_Handler
    startup_stm32f10x_md.o(RESET) refers to los_dispatch_keil.o(KERNEL) for PendSV_Handler
    startup_stm32f10x_md.o(RESET) refers to los_tick.o(i.SysTick_Handler) for SysTick_Handler
    startup_stm32f10x_md.o(RESET) refers to stm32f10x_it.o(i.WWDG_IRQHandler) for WWDG_IRQHandler
    startup_stm32f10x_md.o(RESET) refers to stm32f10x_it.o(i.PVD_IRQHandler) for PVD_IRQHandler
    startup_stm32f10x_md.o(RESET) refers to stm32f10x_it.o(i.TAMPER_IRQHandler) for TAMPER_IRQHandler
    startup_stm32f10x_md.o(RESET) refers to stm32f10x_it.o(i.RTC_IRQHandler) for RTC_IRQHandler
    startup_stm32f10x_md.o(RESET) refers to stm32f10x_it.o(i.FLASH_IRQHandler) for FLASH_IRQHandler
    startup_stm32f10x_md.o(RESET) refers to stm32f10x_it.o(i.RCC_IRQHandler) for RCC_IRQHandler
    startup_stm32f10x_md.o(RESET) refers to stm32f10x_it.o(i.EXTI0_IRQHandler) for EXTI0_IRQHandler
    startup_stm32f10x_md.o(RESET) refers to stm32f10x_it.o(i.EXTI1_IRQHandler) for EXTI1_IRQHandler
    startup_stm32f10x_md.o(RESET) refers to stm32f10x_it.o(i.EXTI2_IRQHandler) for EXTI2_IRQHandler
    startup_stm32f10x_md.o(RESET) refers to stm32f10x_it.o(i.EXTI3_IRQHandler) for EXTI3_IRQHandler
    startup_stm32f10x_md.o(RESET) refers to stm32f10x_it.o(i.EXTI4_IRQHandler) for EXTI4_IRQHandler
    startup_stm32f10x_md.o(RESET) refers to stm32f10x_it.o(i.DMA1_Channel1_IRQHandler) for DMA1_Channel1_IRQHandler
    startup_stm32f10x_md.o(RESET) refers to stm32f10x_it.o(i.DMA1_Channel2_IRQHandler) for DMA1_Channel2_IRQHandler
    startup_stm32f10x_md.o(RESET) refers to stm32f10x_it.o(i.DMA1_Channel3_IRQHandler) for DMA1_Channel3_IRQHandler
    startup_stm32f10x_md.o(RESET) refers to stm32f10x_it.o(i.DMA1_Channel4_IRQHandler) for DMA1_Channel4_IRQHandler
    startup_stm32f10x_md.o(RESET) refers to stm32f10x_it.o(i.DMA1_Channel5_IRQHandler) for DMA1_Channel5_IRQHandler
    startup_stm32f10x_md.o(RESET) refers to stm32f10x_it.o(i.DMA1_Channel6_IRQHandler) for DMA1_Channel6_IRQHandler
    startup_stm32f10x_md.o(RESET) refers to stm32f10x_it.o(i.DMA1_Channel7_IRQHandler) for DMA1_Channel7_IRQHandler
    startup_stm32f10x_md.o(RESET) refers to stm32f10x_it.o(i.ADC1_2_IRQHandler) for ADC1_2_IRQHandler
    startup_stm32f10x_md.o(RESET) refers to stm32f10x_it.o(i.USB_HP_CAN1_TX_IRQHandler) for USB_HP_CAN1_TX_IRQHandler
    startup_stm32f10x_md.o(RESET) refers to stm32f10x_it.o(i.USB_LP_CAN1_RX0_IRQHandler) for USB_LP_CAN1_RX0_IRQHandler
    startup_stm32f10x_md.o(RESET) refers to stm32f10x_it.o(i.EXTI9_5_IRQHandler) for EXTI9_5_IRQHandler
    startup_stm32f10x_md.o(RESET) refers to stm32f10x_it.o(i.TIM1_BRK_IRQHandler) for TIM1_BRK_IRQHandler
    startup_stm32f10x_md.o(RESET) refers to stm32f10x_it.o(i.TIM1_UP_IRQHandler) for TIM1_UP_IRQHandler
    startup_stm32f10x_md.o(RESET) refers to stm32f10x_it.o(i.TIM1_TRG_COM_IRQHandler) for TIM1_TRG_COM_IRQHandler
    startup_stm32f10x_md.o(RESET) refers to stm32f10x_it.o(i.TIM1_CC_IRQHandler) for TIM1_CC_IRQHandler
    startup_stm32f10x_md.o(RESET) refers to stm32f10x_it.o(i.TIM2_IRQHandler) for TIM2_IRQHandler
    startup_stm32f10x_md.o(RESET) refers to stm32f10x_it.o(i.TIM3_IRQHandler) for TIM3_IRQHandler
    startup_stm32f10x_md.o(RESET) refers to stm32f10x_it.o(i.TIM4_IRQHandler) for TIM4_IRQHandler
    startup_stm32f10x_md.o(RESET) refers to stm32f10x_it.o(i.I2C1_EV_IRQHandler) for I2C1_EV_IRQHandler
    startup_stm32f10x_md.o(RESET) refers to stm32f10x_it.o(i.I2C1_ER_IRQHandler) for I2C1_ER_IRQHandler
    startup_stm32f10x_md.o(RESET) refers to stm32f10x_it.o(i.I2C2_EV_IRQHandler) for I2C2_EV_IRQHandler
    startup_stm32f10x_md.o(RESET) refers to stm32f10x_it.o(i.I2C2_ER_IRQHandler) for I2C2_ER_IRQHandler
    startup_stm32f10x_md.o(RESET) refers to stm32f10x_it.o(i.SPI1_IRQHandler) for SPI1_IRQHandler
    startup_stm32f10x_md.o(RESET) refers to stm32f10x_it.o(i.SPI2_IRQHandler) for SPI2_IRQHandler
    startup_stm32f10x_md.o(RESET) refers to stm32f10x_it.o(i.USART1_IRQHandler) for USART1_IRQHandler
[...]
    Removing stm32f10x_rcc.o(i.RCC_AHBPeriphClockCmd), (24 bytes).
    Removing stm32f10x_rcc.o(i.RCC_APB1PeriphClockCmd), (24 bytes).
    Removing stm32f10x_rcc.o(i.RCC_APB1PeriphResetCmd), (24 bytes).
    Removing stm32f10x_rcc.o(i.RCC_APB2PeriphResetCmd), (24 bytes).
    Removing stm32f10x_rcc.o(i.RCC_AdjustHSICalibrationValue), (20 bytes).
    Removing stm32f10x_rcc.o(i.RCC_BackupResetCmd), (12 bytes).
    Removing stm32f10x_rcc.o(i.RCC_ClearFlag), (16 bytes).
    Removing stm32f10x_rcc.o(i.RCC_ClearITPendingBit), (12 bytes).
    Removing stm32f10x_rcc.o(i.RCC_ClockSecuritySystemCmd), (12 bytes).
    Removing stm32f10x_rcc.o(i.RCC_GetClocksFreq), (148 bytes).
    Removing stm32f10x_rcc.o(i.RCC_GetITStatus), (20 bytes).
    Removing stm32f10x_rcc.o(i.RCC_GetSYSCLKSource), (16 bytes).
    Removing stm32f10x_rcc.o(i.RCC_HCLKConfig), (20 bytes).
    Removing stm32f10x_rcc.o(i.RCC_HSICmd), (12 bytes).
    Removing stm32f10x_rcc.o(i.RCC_ITConfig), (24 bytes).
    Removing stm32f10x_rcc.o(i.RCC_LSEConfig), (32 bytes).
    Removing stm32f10x_rcc.o(i.RCC_LSICmd), (12 bytes).
    Removing stm32f10x_rcc.o(i.RCC_MCOConfig), (12 bytes).
    Removing stm32f10x_rcc.o(i.RCC_PCLK1Config), (20 bytes).
    Removing stm32f10x_rcc.o(i.RCC_PCLK2Config), (20 bytes).
    Removing stm32f10x_rcc.o(i.RCC_PLLCmd), (12 bytes).
    Removing stm32f10x_rcc.o(i.RCC_PLLConfig), (20 bytes).
    Removing stm32f10x_rcc.o(i.RCC_RTCCLKCmd), (12 bytes).
    Removing stm32f10x_rcc.o(i.RCC_RTCCLKConfig), (16 bytes).
    Removing stm32f10x_rcc.o(i.RCC_SYSCLKConfig), (20 bytes).
    Removing stm32f10x_rcc.o(i.RCC_USBCLKConfig), (12 bytes).
    Removing stm32f10x_rcc.o(.data), (20 bytes).
    Removing stm32f10x_rtc.o(.rev16_text), (4 bytes).
    Removing stm32f10x_rtc.o(.revsh_text), (4 bytes).
    Removing stm32f10x_rtc.o(i.RTC_ClearFlag), (16 bytes).
    Removing stm32f10x_rtc.o(i.RTC_ClearITPendingBit), (16 bytes).
    Removing stm32f10x_rtc.o(i.RTC_EnterConfigMode), (16 bytes).
    Removing stm32f10x_rtc.o(i.RTC_ExitConfigMode), (16 bytes).
    Removing stm32f10x_rtc.o(i.RTC_GetCounter), (20 bytes).
    Removing stm32f10x_rtc.o(i.RTC_GetDivider), (24 bytes).
    Removing stm32f10x_rtc.o(i.RTC_GetFlagStatus), (20 bytes).
    Removing stm32f10x_rtc.o(i.RTC_GetITStatus), (32 bytes).
    Removing stm32f10x_rtc.o(i.RTC_ITConfig), (24 bytes).
    Removing stm32f10x_rtc.o(i.RTC_SetAlarm), (32 bytes).
    Removing stm32f10x_rtc.o(i.RTC_SetCounter), (32 bytes).
    Removing stm32f10x_rtc.o(i.RTC_SetPrescaler), (32 bytes).
    Removing stm32f10x_rtc.o(i.RTC_WaitForLastTask), (16 bytes).
    Removing stm32f10x_rtc.o(i.RTC_WaitForSynchro), (24 bytes).
    Removing stm32f10x_spi.o(.rev16_text), (4 bytes).
    Removing stm32f10x_spi.o(.revsh_text), (4 bytes).
    Removing stm32f10x_spi.o(i.I2S_Cmd), (20 bytes).
    Removing stm32f10x_spi.o(i.I2S_Init), (150 bytes).
    Removing stm32f10x_spi.o(i.I2S_StructInit), (18 bytes).
    Removing stm32f10x_spi.o(i.SPI_BaudRateConfig), (16 bytes).
    Removing stm32f10x_spi.o(i.SPI_BiDirectionalLineConfig), (22 bytes).
    Removing stm32f10x_spi.o(i.SPI_CalculateCRC), (20 bytes).
    Removing stm32f10x_spi.o(i.SPI_Cmd), (20 bytes).
    Removing stm32f10x_spi.o(i.SPI_DataSizeConfig), (16 bytes).
    Removing stm32f10x_spi.o(i.SPI_GetCRC), (12 bytes).
    Removing stm32f10x_spi.o(i.SPI_GetCRCPolynomial), (4 bytes).
    Removing stm32f10x_spi.o(i.SPI_I2S_ClearFlag), (6 bytes).
    Removing stm32f10x_spi.o(i.SPI_I2S_ClearITPendingBit), (14 bytes).
    Removing stm32f10x_spi.o(i.SPI_I2S_DMACmd), (16 bytes).
    Removing stm32f10x_spi.o(i.SPI_I2S_DeInit), (84 bytes).
    Removing stm32f10x_spi.o(i.SPI_I2S_GetFlagStatus), (14 bytes).
    Removing stm32f10x_spi.o(i.SPI_I2S_GetITStatus), (44 bytes).
    Removing stm32f10x_spi.o(i.SPI_I2S_ITConfig), (24 bytes).
    Removing stm32f10x_spi.o(i.SPI_I2S_ReceiveData), (4 bytes).
    Removing stm32f10x_spi.o(i.SPI_I2S_SendData), (4 bytes).
    Removing stm32f10x_spi.o(i.SPI_Init), (56 bytes).
    Removing stm32f10x_spi.o(i.SPI_NSSInternalSoftwareConfig), (24 bytes).
    Removing stm32f10x_spi.o(i.SPI_SSOutputCmd), (20 bytes).
    Removing stm32f10x_spi.o(i.SPI_StructInit), (24 bytes).
    Removing stm32f10x_spi.o(i.SPI_TransmitCRC), (10 bytes).
    Removing stm32f10x_tim.o(.rev16_text), (4 bytes).
    Removing stm32f10x_tim.o(.revsh_text), (4 bytes).
    Removing stm32f10x_tim.o(i.TI1_Config), (108 bytes).
    Removing stm32f10x_tim.o(i.TI2_Config), (124 bytes).
    Removing stm32f10x_tim.o(i.TIM_ARRPreloadConfig), (20 bytes).
    Removing stm32f10x_tim.o(i.TIM_BDTRConfig), (34 bytes).
    Removing stm32f10x_tim.o(i.TIM_BDTRStructInit), (18 bytes).
    Removing stm32f10x_tim.o(i.TIM_CCPreloadControl), (20 bytes).
    Removing stm32f10x_tim.o(i.TIM_CCxCmd), (22 bytes).
    Removing stm32f10x_tim.o(i.TIM_CCxNCmd), (22 bytes).
    Removing stm32f10x_tim.o(i.TIM_ClearFlag), (6 bytes).
    Removing stm32f10x_tim.o(i.TIM_ClearITPendingBit), (6 bytes).
    Removing stm32f10x_tim.o(i.TIM_ClearOC1Ref), (12 bytes).
    Removing stm32f10x_tim.o(i.TIM_ClearOC2Ref), (20 bytes).
    Removing stm32f10x_tim.o(i.TIM_ClearOC3Ref), (12 bytes).
    Removing stm32f10x_tim.o(i.TIM_ClearOC4Ref), (20 bytes).
    Removing stm32f10x_tim.o(i.TIM_Cmd), (20 bytes).
    Removing stm32f10x_tim.o(i.TIM_CounterModeConfig), (12 bytes).
    Removing stm32f10x_tim.o(i.TIM_CtrlPWMOutputs), (22 bytes).
    Removing stm32f10x_tim.o(i.TIM_DMACmd), (16 bytes).
    Removing stm32f10x_tim.o(i.TIM_DMAConfig), (8 bytes).
    Removing stm32f10x_tim.o(i.TIM_DeInit), (368 bytes).
    Removing stm32f10x_tim.o(i.TIM_ETRClockMode1Config), (18 bytes).
    Removing stm32f10x_tim.o(i.TIM_ETRClockMode2Config), (18 bytes).
    Removing stm32f10x_tim.o(i.TIM_ETRConfig), (24 bytes).
    Removing stm32f10x_tim.o(i.TIM_EncoderInterfaceConfig), (50 bytes).
    Removing stm32f10x_tim.o(i.TIM_ForcedOC1Config), (12 bytes).
    Removing stm32f10x_tim.o(i.TIM_ForcedOC2Config), (20 bytes).
    Removing stm32f10x_tim.o(i.TIM_ForcedOC3Config), (12 bytes).
    Removing stm32f10x_tim.o(i.TIM_ForcedOC4Config), (20 bytes).
    Removing stm32f10x_tim.o(i.TIM_GenerateEvent), (4 bytes).
    Removing stm32f10x_tim.o(i.TIM_GetCapture1), (4 bytes).
    Removing stm32f10x_tim.o(i.TIM_GetCapture2), (4 bytes).
    Removing stm32f10x_tim.o(i.TIM_GetCapture3), (4 bytes).
    Removing stm32f10x_tim.o(i.TIM_GetCapture4), (6 bytes).
    Removing stm32f10x_tim.o(i.TIM_GetCounter), (4 bytes).
    Removing stm32f10x_tim.o(i.TIM_GetFlagStatus), (14 bytes).
    Removing stm32f10x_tim.o(i.TIM_GetITStatus), (24 bytes).
    Removing stm32f10x_tim.o(i.TIM_GetPrescaler), (4 bytes).
    Removing stm32f10x_tim.o(i.TIM_ICInit), (300 bytes).
    Removing stm32f10x_tim.o(i.TIM_ICStructInit), (16 bytes).
    Removing stm32f10x_tim.o(i.TIM_ITConfig), (16 bytes).
    Removing stm32f10x_tim.o(i.TIM_ITRxExternalClockConfig), (18 bytes).
    Removing stm32f10x_tim.o(i.TIM_InternalClockConfig), (10 bytes).
    Removing stm32f10x_tim.o(i.TIM_OC1FastConfig), (12 bytes).
    Removing stm32f10x_tim.o(i.TIM_OC1Init), (128 bytes).
    Removing stm32f10x_tim.o(i.TIM_OC1NPolarityConfig), (12 bytes).
    Removing stm32f10x_tim.o(i.TIM_OC1PolarityConfig), (12 bytes).
    Removing stm32f10x_tim.o(i.TIM_OC1PreloadConfig), (12 bytes).
    Removing stm32f10x_tim.o(i.TIM_OC2FastConfig), (20 bytes).
    Removing stm32f10x_tim.o(i.TIM_OC2Init), (128 bytes).
    Removing stm32f10x_tim.o(i.TIM_OC2NPolarityConfig), (20 bytes).
    Removing stm32f10x_tim.o(i.TIM_OC2PolarityConfig), (20 bytes).
    Removing stm32f10x_tim.o(i.TIM_OC2PreloadConfig), (20 bytes).
    Removing stm32f10x_tim.o(i.TIM_OC3FastConfig), (12 bytes).
    Removing stm32f10x_tim.o(i.TIM_OC3Init), (124 bytes).
    Removing stm32f10x_tim.o(i.TIM_OC3NPolarityConfig), (20 bytes).
    Removing stm32f10x_tim.o(i.TIM_OC3PolarityConfig), (20 bytes).
    Removing stm32f10x_tim.o(i.TIM_OC3PreloadConfig), (12 bytes).
    Removing stm32f10x_tim.o(i.TIM_OC4FastConfig), (20 bytes).
    Removing stm32f10x_tim.o(i.TIM_OC4Init), (100 bytes).
    Removing stm32f10x_tim.o(i.TIM_OC4PolarityConfig), (20 bytes).
    Removing stm32f10x_tim.o(i.TIM_OC4PreloadConfig), (20 bytes).
    Removing stm32f10x_tim.o(i.TIM_OCStructInit), (20 bytes).
    Removing stm32f10x_tim.o(i.TIM_PWMIConfig), (108 bytes).
    Removing stm32f10x_tim.o(i.TIM_PrescalerConfig), (6 bytes).
    Removing stm32f10x_tim.o(i.TIM_SelectCCDMA), (20 bytes).
    Removing stm32f10x_tim.o(i.TIM_SelectCOM), (20 bytes).
    Removing stm32f10x_tim.o(i.TIM_SelectHallSensor), (20 bytes).
    Removing stm32f10x_tim.o(i.TIM_SelectInputTrigger), (12 bytes).
    Removing stm32f10x_tim.o(i.TIM_SelectMasterSlaveMode), (16 bytes).
    Removing stm32f10x_tim.o(i.TIM_SelectOCxM), (70 bytes).
    Removing stm32f10x_tim.o(i.TIM_SelectOnePulseMode), (16 bytes).
    Removing stm32f10x_tim.o(i.TIM_SelectOutputTrigger), (16 bytes).
    Removing stm32f10x_tim.o(i.TIM_SelectSlaveMode), (16 bytes).
    Removing stm32f10x_tim.o(i.TIM_SetAutoreload), (4 bytes).
    Removing stm32f10x_tim.o(i.TIM_SetClockDivision), (16 bytes).
    Removing stm32f10x_tim.o(i.TIM_SetCompare1), (4 bytes).
    Removing stm32f10x_tim.o(i.TIM_SetCompare2), (4 bytes).
    Removing stm32f10x_tim.o(i.TIM_SetCompare3), (4 bytes).
    Removing stm32f10x_tim.o(i.TIM_SetCompare4), (6 bytes).
    Removing stm32f10x_tim.o(i.TIM_SetCounter), (4 bytes).
    Removing stm32f10x_tim.o(i.TIM_SetIC1Prescaler), (16 bytes).
    Removing stm32f10x_tim.o(i.TIM_SetIC2Prescaler), (24 bytes).
    Removing stm32f10x_tim.o(i.TIM_SetIC3Prescaler), (16 bytes).
    Removing stm32f10x_tim.o(i.TIM_SetIC4Prescaler), (24 bytes).
    Removing stm32f10x_tim.o(i.TIM_TIxExternalClockConfig), (46 bytes).
    Removing stm32f10x_tim.o(i.TIM_TimeBaseInit), (156 bytes).
    Removing stm32f10x_tim.o(i.TIM_TimeBaseStructInit), (18 bytes).
    Removing stm32f10x_tim.o(i.TIM_UpdateDisableConfig), (20 bytes).
    Removing stm32f10x_tim.o(i.TIM_UpdateRequestConfig), (20 bytes).
    Removing stm32f10x_usart.o(.rev16_text), (4 bytes).
    Removing stm32f10x_usart.o(.revsh_text), (4 bytes).
    Removing stm32f10x_usart.o(i.USART_ClearFlag), (6 bytes).
    Removing stm32f10x_usart.o(i.USART_ClearITPendingBit), (12 bytes).
    Removing stm32f10x_usart.o(i.USART_ClockInit), (30 bytes).
    Removing stm32f10x_usart.o(i.USART_ClockStructInit), (12 bytes).
    Removing stm32f10x_usart.o(i.USART_Cmd), (20 bytes).
    Removing stm32f10x_usart.o(i.USART_DMACmd), (16 bytes).
    Removing stm32f10x_usart.o(i.USART_DeInit), (116 bytes).
    Removing stm32f10x_usart.o(i.USART_GetFlagStatus), (14 bytes).
    Removing stm32f10x_usart.o(i.USART_GetITStatus), (62 bytes).
    Removing stm32f10x_usart.o(i.USART_HalfDuplexCmd), (20 bytes).
    Removing stm32f10x_usart.o(i.USART_ITConfig), (48 bytes).
    Removing stm32f10x_usart.o(i.USART_Init), (172 bytes).
    Removing stm32f10x_usart.o(i.USART_IrDACmd), (20 bytes).
    Removing stm32f10x_usart.o(i.USART_IrDAConfig), (16 bytes).
    Removing stm32f10x_usart.o(i.USART_LINBreakDetectLengthConfig), (16 bytes).
    Removing stm32f10x_usart.o(i.USART_LINCmd), (20 bytes).
    Removing stm32f10x_usart.o(i.USART_OneBitMethodCmd), (20 bytes).
    Removing stm32f10x_usart.o(i.USART_OverSampling8Cmd), (20 bytes).
    Removing stm32f10x_usart.o(i.USART_ReceiveData), (8 bytes).
    Removing stm32f10x_usart.o(i.USART_ReceiverWakeUpCmd), (20 bytes).
    Removing stm32f10x_usart.o(i.USART_SendBreak), (10 bytes).
    Removing stm32f10x_usart.o(i.USART_SendData), (8 bytes).
    Removing stm32f10x_usart.o(i.USART_SetAddress), (16 bytes).
    Removing stm32f10x_usart.o(i.USART_SetGuardTime), (16 bytes).
    Removing stm32f10x_usart.o(i.USART_SetPrescaler), (16 bytes).
    Removing stm32f10x_usart.o(i.USART_SmartCardCmd), (20 bytes).
    Removing stm32f10x_usart.o(i.USART_SmartCardNACKCmd), (20 bytes).
    Removing stm32f10x_usart.o(i.USART_StructInit), (22 bytes).
    Removing stm32f10x_usart.o(i.USART_WakeUpConfig), (16 bytes).
    Removing stm32f10x_wwdg.o(.rev16_text), (4 bytes).
    Removing stm32f10x_wwdg.o(.revsh_text), (4 bytes).
    Removing stm32f10x_wwdg.o(i.WWDG_ClearFlag), (12 bytes).
    Removing stm32f10x_wwdg.o(i.WWDG_DeInit), (24 bytes).
    Removing stm32f10x_wwdg.o(i.WWDG_Enable), (16 bytes).
    Removing stm32f10x_wwdg.o(i.WWDG_EnableIT), (16 bytes).
    Removing stm32f10x_wwdg.o(i.WWDG_GetFlagStatus), (12 bytes).
    Removing stm32f10x_wwdg.o(i.WWDG_SetCounter), (16 bytes).
    Removing stm32f10x_wwdg.o(i.WWDG_SetPrescaler), (20 bytes).
    Removing stm32f10x_wwdg.o(i.WWDG_SetWindowValue), (28 bytes).
    Removing los_priqueue.o(i.LOS_PriqueueTotalSize), (24 bytes).
    Removing los_swtmr.o(i.LOS_SwtmrCreate), (124 bytes).
    Removing los_swtmr.o(i.LOS_SwtmrDelete), (120 bytes).
    Removing los_swtmr.o(i.LOS_SwtmrStart), (120 bytes).
    Removing los_swtmr.o(i.LOS_SwtmrStop), (116 bytes).
    Removing los_swtmr.o(i.osSwTmrAdjust), (28 bytes).
    Removing los_swtmr.o(i.osSwTmrGetNextTimeout), (20 bytes).
    Removing los_swtmr.o(i.osSwtmrStop), (56 bytes).
    Removing los_sys.o(i.LOS_CyclePerTickGet), (6 bytes).
    Removing los_sys.o(i.LOS_MS2Tick), (28 bytes).
    Removing los_sys.o(i.LOS_Reboot), (6 bytes).
    Removing los_sys.o(i.LOS_Tick2MS), (18 bytes).
    Removing los_sys.o(i.LOS_TickCountGet), (12 bytes).
    Removing los_sys.o(i.get_jiffies_64), (4 bytes).
    Removing los_sys.o(i.jiffies_to_msecs), (4 bytes).
    Removing los_sys.o(i.osCpuTick2MS), (52 bytes).
    Removing los_sys.o(i.osCpuTick2US), (48 bytes).
    Removing los_task.o(i.LOS_CurTaskIDGet), (24 bytes).
    Removing los_task.o(i.LOS_CurTaskPriSet), (16 bytes).
    Removing los_task.o(i.LOS_TaskDelete), (296 bytes).
    Removing los_task.o(i.LOS_TaskPriGet), (64 bytes).
    Removing los_task.o(i.LOS_TaskPriSet), (144 bytes).
    Removing los_task.o(i.LOS_TaskResume), (140 bytes).
    Removing los_task.o(i.LOS_TaskSuspend), (180 bytes).
    Removing los_task.o(i.osTaskPriModify), (48 bytes).
    Removing los_tick.o(.data), (4 bytes).
    Removing los_tick.o(.data), (4 bytes).
    Removing los_event.o(i.LOS_EventClear), (36 bytes).
    Removing los_event.o(i.LOS_EventDestory), (20 bytes).
    Removing los_event.o(i.LOS_EventInit), (24 bytes).
    Removing los_event.o(i.LOS_EventPoll), (70 bytes).
    Removing los_event.o(i.LOS_EventRead), (284 bytes).
    Removing los_event.o(i.LOS_EventWrite), (192 bytes).
    Removing los_mux.o(i.LOS_ListDelete), (20 bytes).
    Removing los_mux.o(i.LOS_ListEmpty), (14 bytes).
    Removing los_mux.o(i.LOS_MuxCreate), (96 bytes).
    Removing los_mux.o(i.LOS_MuxDelete), (100 bytes).
    Removing los_mux.o(i.LOS_MuxPend), (280 bytes).
    Removing los_mux.o(i.LOS_MuxPost), (220 bytes).
    Removing los_queue.o(i.LOS_QueueDelete), (132 bytes).
    Removing los_queue.o(i.osQueueMailAlloc), (140 bytes).
    Removing los_queue.o(i.osQueueMailFree), (132 bytes).
    Removing los_sem.o(i.LOS_SemCreate), (108 bytes).
    Removing los_sem.o(i.LOS_SemDelete), (92 bytes).
    Removing los_sem.o(i.LOS_SemPend), (224 bytes).
    Removing los_membox.o(i.LOS_MemboxClr), (22 bytes).
    Removing los_memory.o(i.LOS_MemRealloc), (264 bytes).
    Removing los_memstat.o(i.osTaskMemUsage), (20 bytes).
    Removing los_misc.o(i.LOS_Msleep), (40 bytes).
    Removing los_config.o(i.LOS_EnableTick), (4 bytes).
    Removing los_config.o(i.LOS_KernelInit), (14 bytes).
    Removing los_config.o(i.osBackTrace), (2 bytes).
    Removing los_config.o(i.osEnableFPU), (16 bytes).
    Removing los_bsp_adapter.o(i.LOS_EvbSetup), (18 bytes).
    Removing los_bsp_adapter.o(i.LOS_EvbTrace), (4 bytes).
    Removing los_bsp_adapter.o(i.LosAdapIrqDisable), (22 bytes).
    Removing los_bsp_adapter.o(i.LosAdapIrqEnable), (36 bytes).
    Removing los_bsp_adapter.o(i.osTickStart), (48 bytes).
    Removing los_bsp_adapter.o(.constdata), (4 bytes).
    Removing los_bsp_adapter.o(.constdata), (4 bytes).
    Removing los_bsp_adapter.o(.data), (4 bytes).
    Removing los_bsp_key.o(i.EXTIxxx_IRQHandler), (2 bytes).
    Removing los_bsp_key.o(i.LOS_EvbGetKeyVal), (6 bytes).
    Removing los_bsp_key.o(i.LOS_EvbKeyInit), (2 bytes).
    Removing los_bsp_led.o(.rev16_text), (4 bytes).
    Removing los_bsp_led.o(.revsh_text), (4 bytes).
    Removing los_bsp_uart.o(i.LOS_EvbUartInit), (2 bytes).
    Removing los_bsp_uart.o(i.LOS_EvbUartPrintf), (2 bytes).
    Removing los_bsp_uart.o(i.LOS_EvbUartReadByte), (2 bytes).
    Removing los_bsp_uart.o(i.LOS_EvbUartWriteByte), (2 bytes).
    Removing los_bsp_uart.o(i.LOS_EvbUartWriteStr), (2 bytes).
    Removing los_bsp_uart.o(i.fputc), (2 bytes).
    Removing los_hw_tick.o(i.LOS_GetCpuCycle), (92 bytes).
    Removing los_hw_tick.o(i.LOS_SetTickSycle), (12 bytes).
    Removing los_hw_tick.o(i.LOS_TickHandler), (44 bytes).
    Removing los_hw_tick.o(.data), (4 bytes).
    Removing los_hwi.o(i.LOS_HwiCreate), (116 bytes).
    Removing los_hwi.o(i.LOS_HwiDelete), (52 bytes).
    Removing los_hwi.o(i.osGetVectorAddr), (8 bytes).
    Removing los_hwi.o(i.osIntNumGet), (4 bytes).
    Removing los_hwi.o(i.osInterrupt), (60 bytes).
    Removing los_hwi.o(.bss), (1024 bytes).
    Removing main.o(.rev16_text), (4 bytes).
    Removing main.o(.revsh_text), (4 bytes).
    Removing main.o(i.hardWare), (2 bytes).
    Removing arc_systick.o(.rev16_text), (4 bytes).
    Removing arc_systick.o(.revsh_text), (4 bytes).
    Removing arc_systick.o(i.ARC_Decrease_TimingDelay), (16 bytes).
    Removing arc_systick.o(i.ARC_Get_TimingDelay), (12 bytes).
    Removing arc_systick.o(i.ARC_Set_TimingDelay), (16 bytes).
    Removing arc_systick.o(i.ARC_SysTick_Delay), (28 bytes).
    Removing arc_systick.o(i.ARC_SysTick_Init), (56 bytes).
    Removing arc_systick.o(.data), (4 bytes).
    Removing ddiv.o(.text), (222 bytes).
    Removing dscalb.o(.text), (46 bytes).
    Removing dfltul.o(.text), (24 bytes).
    Removing dfixul.o(.text), (48 bytes).
    Removing depilogue.o(.text), (186 bytes).

513 unused section(s) (total 18556 bytes) removed from the image.

==============================================================================

Image Symbol Table

    Local Symbols

    Symbol Name                              Value     Ov Type        Size  Object(Section)

    ../clib/../cmprslib/zerorunl2.c          0x00000000   Number         0  __dczerorl2.o ABSOLUTE
    ../clib/microlib/division.c              0x00000000   Number         0  uldiv.o ABSOLUTE
    ../clib/microlib/init/entry.s            0x00000000   Number         0  entry11a.o ABSOLUTE
    ../clib/microlib/init/entry.s            0x00000000   Number         0  entry10b.o ABSOLUTE
    ../clib/microlib/init/entry.s            0x00000000   Number         0  entry10a.o ABSOLUTE
    ../clib/microlib/init/entry.s            0x00000000   Number         0  entry9b.o ABSOLUTE
    ../clib/microlib/init/entry.s            0x00000000   Number         0  entry.o ABSOLUTE
    ../clib/microlib/init/entry.s            0x00000000   Number         0  entry9a.o ABSOLUTE
    ../clib/microlib/init/entry.s            0x00000000   Number         0  entry8b.o ABSOLUTE
    ../clib/microlib/init/entry.s            0x00000000   Number         0  entry5.o ABSOLUTE
    ../clib/microlib/init/entry.s            0x00000000   Number         0  entry8a.o ABSOLUTE
    ../clib/microlib/init/entry.s            0x00000000   Number         0  entry3.o ABSOLUTE
    ../clib/microlib/init/entry.s            0x00000000   Number         0  entry7a.o ABSOLUTE
    ../clib/microlib/init/entry.s            0x00000000   Number         0  entry7b.o ABSOLUTE
    ../clib/microlib/init/entry.s            0x00000000   Number         0  entry11b.o ABSOLUTE
    ../clib/microlib/longlong.c              0x00000000   Number         0  llshl.o ABSOLUTE
    ../clib/microlib/longlong.c              0x00000000   Number         0  llushr.o ABSOLUTE
    ../clib/microlib/string/memcpy.c         0x00000000   Number         0  memcpyb.o ABSOLUTE
    ../clib/microlib/string/memcpy.c         0x00000000   Number         0  memcpya.o ABSOLUTE
    ../clib/microlib/string/memset.c         0x00000000   Number         0  memseta.o ABSOLUTE
    ../clib/microlib/stubs.s                 0x00000000   Number         0  iusefp.o ABSOLUTE
    ../fplib/microlib/fpdiv.c                0x00000000   Number         0  ddiv.o ABSOLUTE
    ../fplib/microlib/fpepilogue.c           0x00000000   Number         0  depilogue.o ABSOLUTE
    ../fplib/microlib/fpfix.c                0x00000000   Number         0  dfixul.o ABSOLUTE
    ../fplib/microlib/fpflt.c                0x00000000   Number         0  dfltul.o ABSOLUTE
    ../fplib/microlib/fpscalb.c              0x00000000   Number         0  dscalb.o ABSOLUTE
    ..\Libraries\CMSIS\core_cm3.c            0x00000000   Number         0  core_cm3.o ABSOLUTE
    ..\Libraries\CMSIS\system_stm32f10x.c    0x00000000   Number         0  system_stm32f10x.o ABSOLUTE
    ..\Libraries\src\misc.c                  0x00000000   Number         0  misc.o ABSOLUTE
    ..\Libraries\src\stm32f10x_cec.c         0x00000000   Number         0  stm32f10x_cec.o ABSOLUTE
    ..\Libraries\src\stm32f10x_crc.c         0x00000000   Number         0  stm32f10x_crc.o ABSOLUTE
    ..\Libraries\src\stm32f10x_dbgmcu.c      0x00000000   Number         0  stm32f10x_dbgmcu.o ABSOLUTE
    ..\Libraries\src\stm32f10x_dma.c         0x00000000   Number         0  stm32f10x_dma.o ABSOLUTE
    ..\Libraries\src\stm32f10x_exti.c        0x00000000   Number         0  stm32f10x_exti.o ABSOLUTE
    ..\Libraries\src\stm32f10x_flash.c       0x00000000   Number         0  stm32f10x_flash.o ABSOLUTE
    ..\Libraries\src\stm32f10x_fsmc.c        0x00000000   Number         0  stm32f10x_fsmc.o ABSOLUTE
    ..\Libraries\src\stm32f10x_gpio.c        0x00000000   Number         0  stm32f10x_gpio.o ABSOLUTE
    ..\Libraries\src\stm32f10x_i2c.c         0x00000000   Number         0  stm32f10x_i2c.o ABSOLUTE
    ..\Libraries\src\stm32f10x_it.c          0x00000000   Number         0  stm32f10x_it.o ABSOLUTE
    ..\Libraries\src\stm32f10x_iwdg.c        0x00000000   Number         0  stm32f10x_iwdg.o ABSOLUTE
    ..\Libraries\src\stm32f10x_pwr.c         0x00000000   Number         0  stm32f10x_pwr.o ABSOLUTE
    ..\Libraries\src\stm32f10x_rcc.c         0x00000000   Number         0  stm32f10x_rcc.o ABSOLUTE
    ..\Libraries\src\stm32f10x_rtc.c         0x00000000   Number         0  stm32f10x_rtc.o ABSOLUTE
    ..\Libraries\src\stm32f10x_spi.c         0x00000000   Number         0  stm32f10x_spi.o ABSOLUTE
    ..\Libraries\src\stm32f10x_tim.c         0x00000000   Number         0  stm32f10x_tim.o ABSOLUTE
    ..\Libraries\src\stm32f10x_usart.c       0x00000000   Number         0  stm32f10x_usart.o ABSOLUTE
    ..\Libraries\src\stm32f10x_wwdg.c        0x00000000   Number         0  stm32f10x_wwdg.o ABSOLUTE
    ..\Libraries\startup_stm32f10x_md.s      0x00000000   Number         0  startup_stm32f10x_md.o ABSOLUTE
    ..\LiteOS_Kernel-master\kernel\base\core\los_priqueue.c 0x00000000   Number         0  los_priqueue.o ABSOLUTE
    ..\LiteOS_Kernel-master\kernel\base\core\los_swtmr.c 0x00000000   Number         0  los_swtmr.o ABSOLUTE
    ..\LiteOS_Kernel-master\kernel\base\core\los_sys.c 0x00000000   Number         0  los_sys.o ABSOLUTE
    ..\LiteOS_Kernel-master\kernel\base\core\los_task.c 0x00000000   Number         0  los_task.o ABSOLUTE
    ..\LiteOS_Kernel-master\kernel\base\core\los_tick.c 0x00000000   Number         0  los_tick.o ABSOLUTE
    ..\LiteOS_Kernel-master\kernel\base\core\los_timeslice.c 0x00000000   Number         0  los_timeslice.o ABSOLUTE
    ..\LiteOS_Kernel-master\kernel\base\ipc\los_event.c 0x00000000   Number         0  los_event.o ABSOLUTE
    ..\LiteOS_Kernel-master\kernel\base\ipc\los_mux.c 0x00000000   Number         0  los_mux.o ABSOLUTE
    ..\LiteOS_Kernel-master\kernel\base\ipc\los_queue.c 0x00000000   Number         0  los_queue.o ABSOLUTE
    ..\LiteOS_Kernel-master\kernel\base\ipc\los_sem.c 0x00000000   Number         0  los_sem.o ABSOLUTE
    ..\LiteOS_Kernel-master\kernel\base\mem\los_membox.c 0x00000000   Number         0  los_membox.o ABSOLUTE
    ..\LiteOS_Kernel-master\kernel\base\mem\los_memory.c 0x00000000   Number         0  los_memory.o ABSOLUTE
    ..\LiteOS_Kernel-master\kernel\base\mem\los_memstat.c 0x00000000   Number         0  los_memstat.o ABSOLUTE
    ..\LiteOS_Kernel-master\kernel\base\mem\los_multipledlinkhead.c 0x00000000   Number         0  los_multipledlinkhead.o ABSOLUTE
    ..\LiteOS_Kernel-master\kernel\base\misc\los_misc.c 0x00000000   Number         0  los_misc.o ABSOLUTE
    ..\LiteOS_Kernel-master\kernel\config\los_config.c 0x00000000   Number         0  los_config.o ABSOLUTE
    ..\LiteOS_Kernel-master\kernel\cpu\arm\cortex-m3\los_dispatch_keil.s 0x00000000   Number         0  los_dispatch_keil.o ABSOLUTE
    ..\LiteOS_Kernel-master\kernel\cpu\arm\cortex-m3\los_hw.c 0x00000000   Number         0  los_hw.o ABSOLUTE
    ..\LiteOS_Kernel-master\kernel\cpu\arm\cortex-m3\los_hw_tick.c 0x00000000   Number         0  los_hw_tick.o ABSOLUTE
    ..\LiteOS_Kernel-master\kernel\cpu\arm\cortex-m3\los_hwi.c 0x00000000   Number         0  los_hwi.o ABSOLUTE
    ..\LiteOS_Kernel-master\platform\LOS_EXPAND_XXX\los_bsp_adapter.c 0x00000000   Number         0  los_bsp_adapter.o ABSOLUTE
    ..\LiteOS_Kernel-master\platform\LOS_EXPAND_XXX\los_bsp_key.c 0x00000000   Number         0  los_bsp_key.o ABSOLUTE
    ..\LiteOS_Kernel-master\platform\LOS_EXPAND_XXX\los_bsp_led.c 0x00000000   Number         0  los_bsp_led.o ABSOLUTE
    ..\LiteOS_Kernel-master\platform\LOS_EXPAND_XXX\los_bsp_uart.c 0x00000000   Number         0  los_bsp_uart.o ABSOLUTE
    ..\USER\ARC_SysTick.c                    0x00000000   Number         0  arc_systick.o ABSOLUTE
    ..\USER\main.c                           0x00000000   Number         0  main.o ABSOLUTE
    ..\\Libraries\\CMSIS\\core_cm3.c         0x00000000   Number         0  core_cm3.o ABSOLUTE
    ..\\Libraries\\CMSIS\\system_stm32f10x.c 0x00000000   Number         0  system_stm32f10x.o ABSOLUTE
    ..\\Libraries\\src\\misc.c               0x00000000   Number         0  misc.o ABSOLUTE
    ..\\Libraries\\src\\stm32f10x_cec.c      0x00000000   Number         0  stm32f10x_cec.o ABSOLUTE
    ..\\Libraries\\src\\stm32f10x_crc.c      0x00000000   Number         0  stm32f10x_crc.o ABSOLUTE
    ..\\Libraries\\src\\stm32f10x_dbgmcu.c   0x00000000   Number         0  stm32f10x_dbgmcu.o ABSOLUTE
    ..\\Libraries\\src\\stm32f10x_dma.c      0x00000000   Number         0  stm32f10x_dma.o ABSOLUTE
    ..\\Libraries\\src\\stm32f10x_exti.c     0x00000000   Number         0  stm32f10x_exti.o ABSOLUTE
    ..\\Libraries\\src\\stm32f10x_flash.c    0x00000000   Number         0  stm32f10x_flash.o ABSOLUTE
    ..\\Libraries\\src\\stm32f10x_fsmc.c     0x00000000   Number         0  stm32f10x_fsmc.o ABSOLUTE
    ..\\Libraries\\src\\stm32f10x_gpio.c     0x00000000   Number         0  stm32f10x_gpio.o ABSOLUTE
    ..\\Libraries\\src\\stm32f10x_i2c.c      0x00000000   Number         0  stm32f10x_i2c.o ABSOLUTE
    ..\\Libraries\\src\\stm32f10x_it.c       0x00000000   Number         0  stm32f10x_it.o ABSOLUTE
    ..\\Libraries\\src\\stm32f10x_iwdg.c     0x00000000   Number         0  stm32f10x_iwdg.o ABSOLUTE
    ..\\Libraries\\src\\stm32f10x_pwr.c      0x00000000   Number         0  stm32f10x_pwr.o ABSOLUTE
    ..\\Libraries\\src\\stm32f10x_rcc.c      0x00000000   Number         0  stm32f10x_rcc.o ABSOLUTE
    ..\\Libraries\\src\\stm32f10x_rtc.c      0x00000000   Number         0  stm32f10x_rtc.o ABSOLUTE
    ..\\Libraries\\src\\stm32f10x_spi.c      0x00000000   Number         0  stm32f10x_spi.o ABSOLUTE
    ..\\Libraries\\src\\stm32f10x_tim.c      0x00000000   Number         0  stm32f10x_tim.o ABSOLUTE
    ..\\Libraries\\src\\stm32f10x_usart.c    0x00000000   Number         0  stm32f10x_usart.o ABSOLUTE
    ..\\Libraries\\src\\stm32f10x_wwdg.c     0x00000000   Number         0  stm32f10x_wwdg.o ABSOLUTE
    ..\\LiteOS_Kernel-master\\platform\\LOS_EXPAND_XXX\\los_bsp_led.c 0x00000000   Number         0  los_bsp_led.o ABSOLUTE
    ..\\USER\\ARC_SysTick.c                  0x00000000   Number         0  arc_systick.o ABSOLUTE
    ..\\USER\\main.c                         0x00000000   Number         0  main.o ABSOLUTE
    dc.s                                     0x00000000   Number         0  dc.o ABSOLUTE
    handlers.s                               0x00000000   Number         0  handlers.o ABSOLUTE
    init.s                                   0x00000000   Number         0  init.o ABSOLUTE
    RESET                                    0x08000000   Section      236  startup_stm32f10x_md.o(RESET)
    .ARM.Collect$$$$00000000                 0x080000ec   Section        0  entry.o(.ARM.Collect$$$$00000000)
    .ARM.Collect$$$$00000002                 0x080000ec   Section        4  entry3.o(.ARM.Collect$$$$00000002)
    .ARM.Collect$$$$00000004                 0x080000f0   Section        4  entry5.o(.ARM.Collect$$$$00000004)
    .ARM.Collect$$$$00000008                 0x080000f4   Section        0  entry7b.o(.ARM.Collect$$$$00000008)
    .ARM.Collect$$$$0000000A                 0x080000f4   Section        0  entry8b.o(.ARM.Collect$$$$0000000A)
    .ARM.Collect$$$$0000000B                 0x080000f4   Section        8  entry9a.o(.ARM.Collect$$$$0000000B)
    .ARM.Collect$$$$0000000D                 0x080000fc   Section        0  entry10a.o(.ARM.Collect$$$$0000000D)
    .ARM.Collect$$$$0000000F                 0x080000fc   Section        0  entry11a.o(.ARM.Collect$$$$0000000F)
    .ARM.Collect$$$$00002713                 0x080000fc   Section        4  entry3.o(.ARM.Collect$$$$00002713)
    __lit__00000000                          0x080000fc   Data           4  entry3.o(.ARM.Collect$$$$00002713)
    .text                                    0x08000100   Section       28  startup_stm32f10x_md.o(.text)
    .text                                    0x0800011c   Section       92  los_dispatch_keil.o(.text)
    .text                                    0x08000178   Section        0  memseta.o(.text)
    .text                                    0x0800019c   Section       36  init.o(.text)
    .text                                    0x080001c0   Section        0  __dczerorl2.o(.text)
    KERNEL                                   0x08000218   Section      136  los_dispatch_keil.o(KERNEL)
    i.ADC1_2_IRQHandler                      0x080002a0   Section        0  stm32f10x_it.o(i.ADC1_2_IRQHandler)
    i.BusFault_Handler                       0x080002a2   Section        0  stm32f10x_it.o(i.BusFault_Handler)
    i.DMA1_Channel1_IRQHandler               0x080002a4   Section        0  stm32f10x_it.o(i.DMA1_Channel1_IRQHandler)
    i.DMA1_Channel2_IRQHandler               0x080002a6   Section        0  stm32f10x_it.o(i.DMA1_Channel2_IRQHandler)
    i.DMA1_Channel3_IRQHandler               0x080002a8   Section        0  stm32f10x_it.o(i.DMA1_Channel3_IRQHandler)
    i.DMA1_Channel4_IRQHandler               0x080002aa   Section        0  stm32f10x_it.o(i.DMA1_Channel4_IRQHandler)
    i.DMA1_Channel5_IRQHandler               0x080002ac   Section        0  stm32f10x_it.o(i.DMA1_Channel5_IRQHandler)
    i.DMA1_Channel6_IRQHandler               0x080002ae   Section        0  stm32f10x_it.o(i.DMA1_Channel6_IRQHandler)
    i.DMA1_Channel7_IRQHandler               0x080002b0   Section        0  stm32f10x_it.o(i.DMA1_Channel7_IRQHandler)
    i.DebugMon_Handler                       0x080002b2   Section        0  stm32f10x_it.o(i.DebugMon_Handler)
    i.EXTI0_IRQHandler                       0x080002b4   Section        0  stm32f10x_it.o(i.EXTI0_IRQHandler)
    i.EXTI15_10_IRQHandler                   0x080002b6   Section        0  stm32f10x_it.o(i.EXTI15_10_IRQHandler)
    i.EXTI1_IRQHandler                       0x080002b8   Section        0  stm32f10x_it.o(i.EXTI1_IRQHandler)
    i.EXTI2_IRQHandler                       0x080002ba   Section        0  stm32f10x_it.o(i.EXTI2_IRQHandler)
    i.EXTI3_IRQHandler                       0x080002bc   Section        0  stm32f10x_it.o(i.EXTI3_IRQHandler)
    i.EXTI4_IRQHandler                       0x080002be   Section        0  stm32f10x_it.o(i.EXTI4_IRQHandler)
    i.EXTI9_5_IRQHandler                     0x080002c0   Section        0  stm32f10x_it.o(i.EXTI9_5_IRQHandler)
    i.FLASH_IRQHandler                       0x080002c2   Section        0  stm32f10x_it.o(i.FLASH_IRQHandler)
    i.GPIO_Init                              0x080002c4   Section        0  stm32f10x_gpio.o(i.GPIO_Init)
    i.GPIO_ResetBits                         0x08000360   Section        0  stm32f10x_gpio.o(i.GPIO_ResetBits)
    i.GPIO_SetBits                           0x08000364   Section        0  stm32f10x_gpio.o(i.GPIO_SetBits)
    i.HardFault_Handler                      0x08000368   Section        0  stm32f10x_it.o(i.HardFault_Handler)
    i.I2C1_ER_IRQHandler                     0x0800036a   Section        0  stm32f10x_it.o(i.I2C1_ER_IRQHandler)
    i.I2C1_EV_IRQHandler                     0x0800036c   Section        0  stm32f10x_it.o(i.I2C1_EV_IRQHandler)
    i.I2C2_ER_IRQHandler                     0x0800036e   Section        0  stm32f10x_it.o(i.I2C2_ER_IRQHandler)
    i.I2C2_EV_IRQHandler                     0x08000370   Section        0  stm32f10x_it.o(i.I2C2_EV_IRQHandler)
    i.LOS_Align                              0x08000372   Section        0  los_misc.o(i.LOS_Align)
    i.LOS_DLnkInitMultiHead                  0x08000386   Section        0  los_multipledlinkhead.o(i.LOS_DLnkInitMultiHead)
    i.LOS_DLnkMultiHead                      0x08000396   Section        0  los_multipledlinkhead.o(i.LOS_DLnkMultiHead)
    i.LOS_EvbLedControl                      0x080003b8   Section        0  los_bsp_led.o(i.LOS_EvbLedControl)
    i.LOS_EvbLedInit                         0x080003d8   Section        0  los_bsp_led.o(i.LOS_EvbLedInit)
    i.LOS_ListAdd                            0x08000404   Section        0  los_task.o(i.LOS_ListAdd)
    LOS_ListAdd                              0x08000405   Thumb Code    14  los_task.o(i.LOS_ListAdd)
    i.LOS_ListAdd                            0x08000412   Section        0  los_mux.o(i.LOS_ListAdd)
    LOS_ListAdd                              0x08000413   Thumb Code    14  los_mux.o(i.LOS_ListAdd)
    i.LOS_ListAdd                            0x08000420   Section        0  los_queue.o(i.LOS_ListAdd)
    LOS_ListAdd                              0x08000421   Thumb Code    14  los_queue.o(i.LOS_ListAdd)
    i.LOS_ListAdd                            0x0800042e   Section        0  los_sem.o(i.LOS_ListAdd)
    LOS_ListAdd                              0x0800042f   Thumb Code    14  los_sem.o(i.LOS_ListAdd)
    i.LOS_ListAdd                            0x0800043c   Section        0  los_memory.o(i.LOS_ListAdd)
    LOS_ListAdd                              0x0800043d   Thumb Code    14  los_memory.o(i.LOS_ListAdd)
    i.LOS_ListDelete                         0x0800044a   Section        0  los_task.o(i.LOS_ListDelete)
    LOS_ListDelete                           0x0800044b   Thumb Code    20  los_task.o(i.LOS_ListDelete)
    i.LOS_ListDelete                         0x0800045e   Section        0  los_sem.o(i.LOS_ListDelete)
    LOS_ListDelete                           0x0800045f   Thumb Code    20  los_sem.o(i.LOS_ListDelete)
    i.LOS_ListDelete                         0x08000472   Section        0  los_memory.o(i.LOS_ListDelete)
    LOS_ListDelete                           0x08000473   Thumb Code    20  los_memory.o(i.LOS_ListDelete)
    i.LOS_ListEmpty                          0x08000486   Section        0  los_task.o(i.LOS_ListEmpty)
    LOS_ListEmpty                            0x08000487   Thumb Code    14  los_task.o(i.LOS_ListEmpty)
    i.LOS_ListEmpty                          0x08000494   Section        0  los_queue.o(i.LOS_ListEmpty)
    LOS_ListEmpty                            0x08000495   Thumb Code    14  los_queue.o(i.LOS_ListEmpty)
    i.LOS_ListEmpty                          0x080004a2   Section        0  los_sem.o(i.LOS_ListEmpty)
    LOS_ListEmpty                            0x080004a3   Thumb Code    14  los_sem.o(i.LOS_ListEmpty)
    i.LOS_ListTailInsert                     0x080004b0   Section        0  los_task.o(i.LOS_ListTailInsert)
    LOS_ListTailInsert                       0x080004b1   Thumb Code     6  los_task.o(i.LOS_ListTailInsert)
    i.LOS_Log2                               0x080004b8   Section        0  los_multipledlinkhead.o(i.LOS_Log2)
    LOS_Log2                                 0x080004b9   Thumb Code   282  los_multipledlinkhead.o(i.LOS_Log2)
    i.LOS_MemAlloc                           0x080005d8   Section        0  los_memory.o(i.LOS_MemAlloc)
    i.LOS_MemAllocAlign                      0x08000604   Section        0  los_memory.o(i.LOS_MemAllocAlign)
    i.LOS_MemFree                            0x0800064c   Section        0  los_memory.o(i.LOS_MemFree)
    i.LOS_MemInit                            0x08000690   Section        0  los_memory.o(i.LOS_MemInit)
    i.LOS_MemboxAlloc                        0x08000704   Section        0  los_membox.o(i.LOS_MemboxAlloc)
    i.LOS_MemboxFree                         0x08000734   Section        0  los_membox.o(i.LOS_MemboxFree)
    i.LOS_MemboxInit                         0x08000794   Section        0  los_membox.o(i.LOS_MemboxInit)
    i.LOS_PriqueueDequeue                    0x080007f2   Section        0  los_priqueue.o(i.LOS_PriqueueDequeue)
    i.LOS_PriqueueEnqueue                    0x08000808   Section        0  los_priqueue.o(i.LOS_PriqueueEnqueue)
    i.LOS_PriqueueSize                       0x08000824   Section        0  los_priqueue.o(i.LOS_PriqueueSize)
    i.LOS_PriqueueTop                        0x08000844   Section        0  los_priqueue.o(i.LOS_PriqueueTop)
    i.LOS_QueueCreate                        0x0800086c   Section        0  los_queue.o(i.LOS_QueueCreate)
    i.LOS_QueueRead                          0x080008e0   Section        0  los_queue.o(i.LOS_QueueRead)
    i.LOS_QueueWrite                         0x080009f8   Section        0  los_queue.o(i.LOS_QueueWrite)
    i.LOS_Schedule                           0x08000b18   Section        0  los_hw.o(i.LOS_Schedule)
    i.LOS_SemPost                            0x08000b58   Section        0  los_sem.o(i.LOS_SemPost)
    i.LOS_Start                              0x08000c00   Section        0  los_config.o(i.LOS_Start)
    i.LOS_TaskCreate                         0x08000c0c   Section        0  los_task.o(i.LOS_TaskCreate)
    i.LOS_TaskCreateOnly                     0x08000c7c   Section        0  los_task.o(i.LOS_TaskCreateOnly)
    i.LOS_TaskDelay                          0x08000dd8   Section        0  los_task.o(i.LOS_TaskDelay)
    i.LOS_TaskLock                           0x08000e48   Section        0  los_task.o(i.LOS_TaskLock)
    i.LOS_TaskUnlock                         0x08000e64   Section        0  los_task.o(i.LOS_TaskUnlock)
    i.LOS_TaskYield                          0x08000e94   Section        0  los_task.o(i.LOS_TaskYield)
    i.Led_CreateTask                         0x08000efc   Section        0  main.o(i.Led_CreateTask)
    i.Led_Task                               0x08000f38   Section        0  main.o(i.Led_Task)
    i.LosAdapIntInit                         0x08000f5e   Section        0  los_bsp_adapter.o(i.LosAdapIntInit)
    i.MemManage_Handler                      0x08000f60   Section        0  stm32f10x_it.o(i.MemManage_Handler)
    i.NMI_Handler                            0x08000f62   Section        0  stm32f10x_it.o(i.NMI_Handler)
    i.PVD_IRQHandler                         0x08000f64   Section        0  stm32f10x_it.o(i.PVD_IRQHandler)
    i.RCC_APB2PeriphClockCmd                 0x08000f68   Section        0  stm32f10x_rcc.o(i.RCC_APB2PeriphClockCmd)
    i.RCC_DeInit                             0x08000f80   Section        0  stm32f10x_rcc.o(i.RCC_DeInit)
    i.RCC_GetFlagStatus                      0x08000fc0   Section        0  stm32f10x_rcc.o(i.RCC_GetFlagStatus)
    i.RCC_HSEConfig                          0x08000ff0   Section        0  stm32f10x_rcc.o(i.RCC_HSEConfig)
    i.RCC_IRQHandler                         0x08001024   Section        0  stm32f10x_it.o(i.RCC_IRQHandler)
    i.RCC_WaitForHSEStartUp                  0x08001026   Section        0  stm32f10x_rcc.o(i.RCC_WaitForHSEStartUp)
    i.RTCAlarm_IRQHandler                    0x08001052   Section        0  stm32f10x_it.o(i.RTCAlarm_IRQHandler)
    i.RTC_IRQHandler                         0x08001054   Section        0  stm32f10x_it.o(i.RTC_IRQHandler)
    i.SPI1_IRQHandler                        0x08001056   Section        0  stm32f10x_it.o(i.SPI1_IRQHandler)
    i.SPI2_IRQHandler                        0x08001058   Section        0  stm32f10x_it.o(i.SPI2_IRQHandler)
    i.SysTick_Handler                        0x0800105c   Section        0  los_tick.o(i.SysTick_Handler)
    i.TAMPER_IRQHandler                      0x08001084   Section        0  stm32f10x_it.o(i.TAMPER_IRQHandler)
    i.TIM1_BRK_IRQHandler                    0x08001086   Section        0  stm32f10x_it.o(i.TIM1_BRK_IRQHandler)
    i.TIM1_CC_IRQHandler                     0x08001088   Section        0  stm32f10x_it.o(i.TIM1_CC_IRQHandler)
    i.TIM1_TRG_COM_IRQHandler                0x0800108a   Section        0  stm32f10x_it.o(i.TIM1_TRG_COM_IRQHandler)
    i.TIM1_UP_IRQHandler                     0x0800108c   Section        0  stm32f10x_it.o(i.TIM1_UP_IRQHandler)
    i.TIM2_IRQHandler                        0x0800108e   Section        0  stm32f10x_it.o(i.TIM2_IRQHandler)
    i.TIM3_IRQHandler                        0x08001090   Section        0  stm32f10x_it.o(i.TIM3_IRQHandler)
    i.TIM4_IRQHandler                        0x08001092   Section        0  stm32f10x_it.o(i.TIM4_IRQHandler)
    i.USART1_IRQHandler                      0x08001094   Section        0  stm32f10x_it.o(i.USART1_IRQHandler)
    i.USART2_IRQHandler                      0x08001096   Section        0  stm32f10x_it.o(i.USART2_IRQHandler)
    i.USART3_IRQHandler                      0x08001098   Section        0  stm32f10x_it.o(i.USART3_IRQHandler)
    i.USBWakeUp_IRQHandler                   0x0800109a   Section        0  stm32f10x_it.o(i.USBWakeUp_IRQHandler)
    i.USB_HP_CAN1_TX_IRQHandler              0x0800109c   Section        0  stm32f10x_it.o(i.USB_HP_CAN1_TX_IRQHandler)
    i.USB_LP_CAN1_RX0_IRQHandler             0x0800109e   Section        0  stm32f10x_it.o(i.USB_LP_CAN1_RX0_IRQHandler)
    i.UsageFault_Handler                     0x080010a0   Section        0  stm32f10x_it.o(i.UsageFault_Handler)
    i.WWDG_IRQHandler                        0x080010a2   Section        0  stm32f10x_it.o(i.WWDG_IRQHandler)
    i.__scatterload_copy                     0x080010a4   Section       14  handlers.o(i.__scatterload_copy)
    i.__scatterload_null                     0x080010b2   Section        2  handlers.o(i.__scatterload_null)
    i.__scatterload_zeroinit                 0x080010b4   Section       14  handlers.o(i.__scatterload_zeroinit)
    i.main                                   0x080010c2   Section        0  main.o(i.main)
    i.osAppInit                              0x080010d8   Section        0  main.o(i.osAppInit)
    i.osHwiDefaultHandler                    0x080010fe   Section        0  los_hwi.o(i.osHwiDefaultHandler)
    i.osHwiInit                              0x08001104   Section        0  los_hwi.o(i.osHwiInit)
    i.osIdleTask                             0x08001120   Section        0  los_task.o(i.osIdleTask)
    i.osIdleTaskCreate                       0x08001124   Section        0  los_task.o(i.osIdleTaskCreate)
    i.osMain                                 0x08001164   Section        0  los_config.o(i.osMain)
    i.osMemAllocWithCheck                    0x080011b8   Section        0  los_memory.o(i.osMemAllocWithCheck)
    osMemAllocWithCheck                      0x080011b9   Thumb Code   120  los_memory.o(i.osMemAllocWithCheck)
    i.osMemCheckUsedNode                     0x08001230   Section        0  los_memory.o(i.osMemCheckUsedNode)
    osMemCheckUsedNode                       0x08001231   Thumb Code   120  los_memory.o(i.osMemCheckUsedNode)
    i.osMemFreeNode                          0x080012a8   Section        0  los_memory.o(i.osMemFreeNode)
    osMemFreeNode                            0x080012a9   Thumb Code   134  los_memory.o(i.osMemFreeNode)
    i.osMemIsNodeValid                       0x0800132e   Section        0  los_memory.o(i.osMemIsNodeValid)
    osMemIsNodeValid                         0x0800132f   Thumb Code    46  los_memory.o(i.osMemIsNodeValid)
    i.osMemMergeNode                         0x0800135c   Section        0  los_memory.o(i.osMemMergeNode)
    osMemMergeNode                           0x0800135d   Thumb Code    28  los_memory.o(i.osMemMergeNode)
    i.osMemSetMagicNumAndTaskid              0x08001378   Section        0  los_memory.o(i.osMemSetMagicNumAndTaskid)
    osMemSetMagicNumAndTaskid                0x08001379   Thumb Code    22  los_memory.o(i.osMemSetMagicNumAndTaskid)
    i.osMemSpitNode                          0x08001394   Section        0  los_memory.o(i.osMemSpitNode)
    osMemSpitNode                            0x08001395   Thumb Code    70  los_memory.o(i.osMemSpitNode)
    i.osMemSystemInit                        0x080013dc   Section        0  los_memory.o(i.osMemSystemInit)
    i.osMuxInit                              0x080013f4   Section        0  los_mux.o(i.osMuxInit)
    i.osPriqueueInit                         0x08001448   Section        0  los_priqueue.o(i.osPriqueueInit)
    i.osQueueCreate                          0x0800147c   Section        0  los_queue.o(i.osQueueCreate)
    i.osQueueInit                            0x080014e0   Section        0  los_queue.o(i.osQueueInit)
    i.osQueuePend                            0x08001510   Section        0  los_queue.o(i.osQueuePend)
    osQueuePend                              0x08001511   Thumb Code   104  los_queue.o(i.osQueuePend)
    i.osQueueWakeUp                          0x08001578   Section        0  los_queue.o(i.osQueueWakeUp)
    osQueueWakeUp                            0x08001579   Thumb Code    80  los_queue.o(i.osQueueWakeUp)
    i.osRegister                             0x080015c8   Section        0  los_config.o(i.osRegister)
    i.osSchedule                             0x080015e4   Section        0  los_hw.o(i.osSchedule)
    i.osSemInit                              0x080015e8   Section        0  los_sem.o(i.osSemInit)
    i.osSwTmrInit                            0x08001638   Section        0  los_swtmr.o(i.osSwTmrInit)
    i.osSwTmrStart                           0x080016c0   Section        0  los_swtmr.o(i.osSwTmrStart)
    i.osSwTmrTask                            0x08001710   Section        0  los_swtmr.o(i.osSwTmrTask)
    i.osSwTmrTaskCreate                      0x0800174c   Section        0  los_swtmr.o(i.osSwTmrTaskCreate)
    i.osSwTmrTimeoutHandle                   0x08001790   Section        0  los_swtmr.o(i.osSwTmrTimeoutHandle)
    osSwTmrTimeoutHandle                     0x08001791   Thumb Code   114  los_swtmr.o(i.osSwTmrTimeoutHandle)
    i.osSwtmrDelete                          0x0800180c   Section        0  los_swtmr.o(i.osSwtmrDelete)
    osSwtmrDelete                            0x0800180d   Thumb Code    14  los_swtmr.o(i.osSwtmrDelete)
    i.osSwtmrScan                            0x08001820   Section        0  los_swtmr.o(i.osSwtmrScan)
    i.osTaskAdd2TimerList                    0x0800183c   Section        0  los_task.o(i.osTaskAdd2TimerList)
    i.osTaskEntry                            0x080018c0   Section        0  los_task.o(i.osTaskEntry)
    i.osTaskExit                             0x08001954   Section        0  los_hw.o(i.osTaskExit)
    i.osTaskInit                             0x0800195c   Section        0  los_task.o(i.osTaskInit)
    i.osTaskMemUsedDec                       0x08001a30   Section        0  los_memstat.o(i.osTaskMemUsedDec)
    i.osTaskMemUsedInc                       0x08001a5c   Section        0  los_memstat.o(i.osTaskMemUsedInc)
    i.osTaskScan                             0x08001a8c   Section        0  los_task.o(i.osTaskScan)
    i.osTaskSelfDelete                       0x08001b40   Section        0  los_task.o(i.osTaskSelfDelete)
    i.osTimerListDelete                      0x08001c18   Section        0  los_task.o(i.osTimerListDelete)
    i.osTimesliceCheck                       0x08001c4c   Section        0  los_timeslice.o(i.osTimesliceCheck)
    i.osTimesliceInit                        0x08001c84   Section        0  los_timeslice.o(i.osTimesliceInit)
    i.osTskStackInit                         0x08001c94   Section        0  los_hw.o(i.osTskStackInit)
    .constdata                               0x08001d1c   Section        1  los_bsp_adapter.o(.constdata)
    .vector.bss                              0x20000000   Section     1024  los_hwi.o(.vector.bss)
    .data                                    0x20000600   Section        4  los_priqueue.o(.data)
    .data                                    0x20000604   Section       16  los_swtmr.o(.data)
    .data                                    0x20000614   Section        4  los_task.o(.data)
    .data                                    0x20000618   Section       64  los_task.o(.data)
    .data                                    0x20000658   Section        8  los_tick.o(.data)
    .data                                    0x20000660   Section        8  los_timeslice.o(.data)
    .data                                    0x20000668   Section       12  los_mux.o(.data)
    .data                                    0x20000674   Section        4  los_queue.o(.data)
    .data                                    0x20000678   Section       12  los_sem.o(.data)
    .data                                    0x20000684   Section        4  los_config.o(.data)
    .data                                    0x20000688   Section        4  los_config.o(.data)
    .data                                    0x2000068c   Section        4  los_hwi.o(.data)
    .data                                    0x20000690   Section        4  main.o(.data)
    .bss                                     0x20000694   Section      100  los_swtmr.o(.bss)
    .bss                                     0x200006f8   Section    10240  los_memory.o(.bss)
    .bss                                     0x20002ef8   Section       32  los_memstat.o(.bss)
    STACK                                    0x20002f18   Section     1024  startup_stm32f10x_md.o(STACK)

    Global Symbols

    Symbol Name                              Value     Ov Type        Size  Object(Section)

    BuildAttributes$$THM_ISAv4$P$D$K$B$S$PE$A:L22UL41UL21$X:L11$S22US41US21$IEEE1$IW$USESV6$~STKCKD$USESV7$~SHL$OSPACE$ROPI$EBA8$MICROLIB$REQ8$PRES8$EABIv2 0x00000000   Number         0  anon$$obj.o ABSOLUTE
    __ARM_use_no_argv                        0x00000000   Number         0  main.o ABSOLUTE
    __cpp_initialize__aeabi_                  - Undefined Weak Reference
    __cxa_finalize                            - Undefined Weak Reference
    _clock_init                               - Undefined Weak Reference
    _microlib_exit                            - Undefined Weak Reference
    __Vectors_Size                           0x000000ec   Number         0  startup_stm32f10x_md.o ABSOLUTE
    __Vectors                                0x08000000   Data           4  startup_stm32f10x_md.o(RESET)
    __Vectors_End                            0x080000ec   Data           0  startup_stm32f10x_md.o(RESET)
    __main                                   0x080000ed   Thumb Code     0  entry.o(.ARM.Collect$$$$00000000)
    _main_stk                                0x080000ed   Thumb Code     0  entry3.o(.ARM.Collect$$$$00000002)
    _main_scatterload                        0x080000f1   Thumb Code     0  entry5.o(.ARM.Collect$$$$00000004)
    __main_after_scatterload                 0x080000f5   Thumb Code     0  entry5.o(.ARM.Collect$$$$00000004)
    _main_clock                              0x080000f5   Thumb Code     0  entry7b.o(.ARM.Collect$$$$00000008)
    _main_cpp_init                           0x080000f5   Thumb Code     0  entry8b.o(.ARM.Collect$$$$0000000A)
    _main_init                               0x080000f5   Thumb Code     0  entry9a.o(.ARM.Collect$$$$0000000B)
    __rt_final_cpp                           0x080000fd   Thumb Code     0  entry10a.o(.ARM.Collect$$$$0000000D)
    __rt_final_exit                          0x080000fd   Thumb Code     0  entry11a.o(.ARM.Collect$$$$0000000F)
    Reset_Handler                            0x08000101   Thumb Code     4  startup_stm32f10x_md.o(.text)
    SVC_Handler                              0x0800010f   Thumb Code     2  startup_stm32f10x_md.o(.text)
    CAN1_RX1_IRQHandler                      0x08000117   Thumb Code     0  startup_stm32f10x_md.o(.text)
    CAN1_SCE_IRQHandler                      0x08000117   Thumb Code     0  startup_stm32f10x_md.o(.text)
    LOS_StartToRun                           0x0800011d   Thumb Code     0  los_dispatch_keil.o(.text)
    __aeabi_memset                           0x08000179   Thumb Code    14  memseta.o(.text)
    __aeabi_memset4                          0x08000179   Thumb Code     0  memseta.o(.text)
    __aeabi_memset8                          0x08000179   Thumb Code     0  memseta.o(.text)
    __aeabi_memclr                           0x08000187   Thumb Code     4  memseta.o(.text)
    __aeabi_memclr4                          0x08000187   Thumb Code     0  memseta.o(.text)
    __aeabi_memclr8                          0x08000187   Thumb Code     0  memseta.o(.text)
    _memset$wrapper                          0x0800018b   Thumb Code    18  memseta.o(.text)
    __scatterload                            0x0800019d   Thumb Code    28  init.o(.text)
    __scatterload_rt2                        0x0800019d   Thumb Code     0  init.o(.text)
    __decompress                             0x080001c1   Thumb Code     0  __dczerorl2.o(.text)
    __decompress1                            0x080001c1   Thumb Code    86  __dczerorl2.o(.text)
    LOS_IntNumGet                            0x08000219   Thumb Code     0  los_dispatch_keil.o(KERNEL)
    osDisableIRQ                             0x0800021f   Thumb Code     0  los_dispatch_keil.o(KERNEL)
    LOS_IntLock                              0x08000223   Thumb Code     0  los_dispatch_keil.o(KERNEL)
    LOS_IntUnLock                            0x0800022b   Thumb Code     0  los_dispatch_keil.o(KERNEL)
    LOS_IntRestore                           0x08000233   Thumb Code     0  los_dispatch_keil.o(KERNEL)
    osTaskSchedule                           0x08000239   Thumb Code     0  los_dispatch_keil.o(KERNEL)
    PendSV_Handler                           0x08000243   Thumb Code     0  los_dispatch_keil.o(KERNEL)
    ADC1_2_IRQHandler                        0x080002a1   Thumb Code     2  stm32f10x_it.o(i.ADC1_2_IRQHandler)
    BusFault_Handler                         0x080002a3   Thumb Code     2  stm32f10x_it.o(i.BusFault_Handler)
    DMA1_Channel1_IRQHandler                 0x080002a5   Thumb Code     2  stm32f10x_it.o(i.DMA1_Channel1_IRQHandler)
    DMA1_Channel2_IRQHandler                 0x080002a7   Thumb Code     2  stm32f10x_it.o(i.DMA1_Channel2_IRQHandler)
    DMA1_Channel3_IRQHandler                 0x080002a9   Thumb Code     2  stm32f10x_it.o(i.DMA1_Channel3_IRQHandler)
    DMA1_Channel4_IRQHandler                 0x080002ab   Thumb Code     2  stm32f10x_it.o(i.DMA1_Channel4_IRQHandler)
    DMA1_Channel5_IRQHandler                 0x080002ad   Thumb Code     2  stm32f10x_it.o(i.DMA1_Channel5_IRQHandler)
    DMA1_Channel6_IRQHandler                 0x080002af   Thumb Code     2  stm32f10x_it.o(i.DMA1_Channel6_IRQHandler)
    DMA1_Channel7_IRQHandler                 0x080002b1   Thumb Code     2  stm32f10x_it.o(i.DMA1_Channel7_IRQHandler)
    DebugMon_Handler                         0x080002b3   Thumb Code     2  stm32f10x_it.o(i.DebugMon_Handler)
    EXTI0_IRQHandler                         0x080002b5   Thumb Code     2  stm32f10x_it.o(i.EXTI0_IRQHandler)
    EXTI15_10_IRQHandler                     0x080002b7   Thumb Code     2  stm32f10x_it.o(i.EXTI15_10_IRQHandler)
    EXTI1_IRQHandler                         0x080002b9   Thumb Code     2  stm32f10x_it.o(i.EXTI1_IRQHandler)
    EXTI2_IRQHandler                         0x080002bb   Thumb Code     2  stm32f10x_it.o(i.EXTI2_IRQHandler)
    EXTI3_IRQHandler                         0x080002bd   Thumb Code     2  stm32f10x_it.o(i.EXTI3_IRQHandler)
    EXTI4_IRQHandler                         0x080002bf   Thumb Code     2  stm32f10x_it.o(i.EXTI4_IRQHandler)
    EXTI9_5_IRQHandler                       0x080002c1   Thumb Code     2  stm32f10x_it.o(i.EXTI9_5_IRQHandler)
    FLASH_IRQHandler                         0x080002c3   Thumb Code     2  stm32f10x_it.o(i.FLASH_IRQHandler)
    GPIO_Init                                0x080002c5   Thumb Code   156  stm32f10x_gpio.o(i.GPIO_Init)
    GPIO_ResetBits                           0x08000361   Thumb Code     4  stm32f10x_gpio.o(i.GPIO_ResetBits)
    GPIO_SetBits                             0x08000365   Thumb Code     4  stm32f10x_gpio.o(i.GPIO_SetBits)
    HardFault_Handler                        0x08000369   Thumb Code     2  stm32f10x_it.o(i.HardFault_Handler)
    I2C1_ER_IRQHandler                       0x0800036b   Thumb Code     2  stm32f10x_it.o(i.I2C1_ER_IRQHandler)
    I2C1_EV_IRQHandler                       0x0800036d   Thumb Code     2  stm32f10x_it.o(i.I2C1_EV_IRQHandler)
    I2C2_ER_IRQHandler                       0x0800036f   Thumb Code     2  stm32f10x_it.o(i.I2C2_ER_IRQHandler)
    I2C2_EV_IRQHandler                       0x08000371   Thumb Code     2  stm32f10x_it.o(i.I2C2_EV_IRQHandler)
    LOS_Align                                0x08000373   Thumb Code    20  los_misc.o(i.LOS_Align)
    LOS_DLnkInitMultiHead                    0x08000387   Thumb Code    16  los_multipledlinkhead.o(i.LOS_DLnkInitMultiHead)
    LOS_DLnkMultiHead                        0x08000397   Thumb Code    32  los_multipledlinkhead.o(i.LOS_DLnkMultiHead)
    LOS_EvbLedControl                        0x080003b9   Thumb Code    26  los_bsp_led.o(i.LOS_EvbLedControl)
    LOS_EvbLedInit                           0x080003d9   Thumb Code    40  los_bsp_led.o(i.LOS_EvbLedInit)
    LOS_MemAlloc                             0x080005d9   Thumb Code    44  los_memory.o(i.LOS_MemAlloc)
    LOS_MemAllocAlign                        0x08000605   Thumb Code    72  los_memory.o(i.LOS_MemAllocAlign)
    LOS_MemFree                              0x0800064d   Thumb Code    68  los_memory.o(i.LOS_MemFree)
    LOS_MemInit                              0x08000691   Thumb Code   112  los_memory.o(i.LOS_MemInit)
    LOS_MemboxAlloc                          0x08000705   Thumb Code    44  los_membox.o(i.LOS_MemboxAlloc)
    LOS_MemboxFree                           0x08000735   Thumb Code    90  los_membox.o(i.LOS_MemboxFree)
    LOS_MemboxInit                           0x08000795   Thumb Code    94  los_membox.o(i.LOS_MemboxInit)
    LOS_PriqueueDequeue                      0x080007f3   Thumb Code    20  los_priqueue.o(i.LOS_PriqueueDequeue)
    LOS_PriqueueEnqueue                      0x08000809   Thumb Code    22  los_priqueue.o(i.LOS_PriqueueEnqueue)
    LOS_PriqueueSize                         0x08000825   Thumb Code    26  los_priqueue.o(i.LOS_PriqueueSize)
    LOS_PriqueueTop                          0x08000845   Thumb Code    34  los_priqueue.o(i.LOS_PriqueueTop)
    LOS_QueueCreate                          0x0800086d   Thumb Code   110  los_queue.o(i.LOS_QueueCreate)
    LOS_QueueRead                            0x080008e1   Thumb Code   258  los_queue.o(i.LOS_QueueRead)
    LOS_QueueWrite                           0x080009f9   Thumb Code   268  los_queue.o(i.LOS_QueueWrite)
    LOS_Schedule                             0x08000b19   Thumb Code    54  los_hw.o(i.LOS_Schedule)
    LOS_SemPost                              0x08000b59   Thumb Code   160  los_sem.o(i.LOS_SemPost)
    LOS_Start                                0x08000c01   Thumb Code    12  los_config.o(i.LOS_Start)
    LOS_TaskCreate                           0x08000c0d   Thumb Code   106  los_task.o(i.LOS_TaskCreate)
    LOS_TaskCreateOnly                       0x08000c7d   Thumb Code   332  los_task.o(i.LOS_TaskCreateOnly)
    LOS_TaskDelay                            0x08000dd9   Thumb Code    94  los_task.o(i.LOS_TaskDelay)
    LOS_TaskLock                             0x08000e49   Thumb Code    22  los_task.o(i.LOS_TaskLock)
    LOS_TaskUnlock                           0x08000e65   Thumb Code    42  los_task.o(i.LOS_TaskUnlock)
    LOS_TaskYield                            0x08000e95   Thumb Code    94  los_task.o(i.LOS_TaskYield)
    Led_CreateTask                           0x08000efd   Thumb Code    40  main.o(i.Led_CreateTask)
    Led_Task                                 0x08000f39   Thumb Code    38  main.o(i.Led_Task)
    LosAdapIntInit                           0x08000f5f   Thumb Code     2  los_bsp_adapter.o(i.LosAdapIntInit)
    MemManage_Handler                        0x08000f61   Thumb Code     2  stm32f10x_it.o(i.MemManage_Handler)
    NMI_Handler                              0x08000f63   Thumb Code     2  stm32f10x_it.o(i.NMI_Handler)
    PVD_IRQHandler                           0x08000f65   Thumb Code     2  stm32f10x_it.o(i.PVD_IRQHandler)
    RCC_APB2PeriphClockCmd                   0x08000f69   Thumb Code    18  stm32f10x_rcc.o(i.RCC_APB2PeriphClockCmd)
    RCC_DeInit                               0x08000f81   Thumb Code    50  stm32f10x_rcc.o(i.RCC_DeInit)
    RCC_GetFlagStatus                        0x08000fc1   Thumb Code    42  stm32f10x_rcc.o(i.RCC_GetFlagStatus)
    RCC_HSEConfig                            0x08000ff1   Thumb Code    48  stm32f10x_rcc.o(i.RCC_HSEConfig)
    RCC_IRQHandler                           0x08001025   Thumb Code     2  stm32f10x_it.o(i.RCC_IRQHandler)
    RCC_WaitForHSEStartUp                    0x08001027   Thumb Code    44  stm32f10x_rcc.o(i.RCC_WaitForHSEStartUp)
    RTCAlarm_IRQHandler                      0x08001053   Thumb Code     2  stm32f10x_it.o(i.RTCAlarm_IRQHandler)
    RTC_IRQHandler                           0x08001055   Thumb Code     2  stm32f10x_it.o(i.RTC_IRQHandler)
    SPI1_IRQHandler                          0x08001057   Thumb Code     2  stm32f10x_it.o(i.SPI1_IRQHandler)
    SPI2_IRQHandler                          0x08001059   Thumb Code     2  stm32f10x_it.o(i.SPI2_IRQHandler)
    SysTick_Handler                          0x0800105d   Thumb Code    34  los_tick.o(i.SysTick_Handler)
    TAMPER_IRQHandler                        0x08001085   Thumb Code     2  stm32f10x_it.o(i.TAMPER_IRQHandler)
    TIM1_BRK_IRQHandler                      0x08001087   Thumb Code     2  stm32f10x_it.o(i.TIM1_BRK_IRQHandler)
    TIM1_CC_IRQHandler                       0x08001089   Thumb Code     2  stm32f10x_it.o(i.TIM1_CC_IRQHandler)
    TIM1_TRG_COM_IRQHandler                  0x0800108b   Thumb Code     2  stm32f10x_it.o(i.TIM1_TRG_COM_IRQHandler)
    TIM1_UP_IRQHandler                       0x0800108d   Thumb Code     2  stm32f10x_it.o(i.TIM1_UP_IRQHandler)
    TIM2_IRQHandler                          0x0800108f   Thumb Code     2  stm32f10x_it.o(i.TIM2_IRQHandler)
    TIM3_IRQHandler                          0x08001091   Thumb Code     2  stm32f10x_it.o(i.TIM3_IRQHandler)
    TIM4_IRQHandler                          0x08001093   Thumb Code     2  stm32f10x_it.o(i.TIM4_IRQHandler)
    USART1_IRQHandler                        0x08001095   Thumb Code     2  stm32f10x_it.o(i.USART1_IRQHandler)
    USART2_IRQHandler                        0x08001097   Thumb Code     2  stm32f10x_it.o(i.USART2_IRQHandler)
    USART3_IRQHandler                        0x08001099   Thumb Code     2  stm32f10x_it.o(i.USART3_IRQHandler)
    USBWakeUp_IRQHandler                     0x0800109b   Thumb Code     2  stm32f10x_it.o(i.USBWakeUp_IRQHandler)
    USB_HP_CAN1_TX_IRQHandler                0x0800109d   Thumb Code     2  stm32f10x_it.o(i.USB_HP_CAN1_TX_IRQHandler)
    USB_LP_CAN1_RX0_IRQHandler               0x0800109f   Thumb Code     2  stm32f10x_it.o(i.USB_LP_CAN1_RX0_IRQHandler)
    UsageFault_Handler                       0x080010a1   Thumb Code     2  stm32f10x_it.o(i.UsageFault_Handler)
    WWDG_IRQHandler                          0x080010a3   Thumb Code     2  stm32f10x_it.o(i.WWDG_IRQHandler)
    __scatterload_copy                       0x080010a5   Thumb Code    14  handlers.o(i.__scatterload_copy)
    __scatterload_null                       0x080010b3   Thumb Code     2  handlers.o(i.__scatterload_null)
    __scatterload_zeroinit                   0x080010b5   Thumb Code    14  handlers.o(i.__scatterload_zeroinit)
    main                                     0x080010c3   Thumb Code    22  main.o(i.main)
    osAppInit                                0x080010d9   Thumb Code    38  main.o(i.osAppInit)
    osHwiDefaultHandler                      0x080010ff   Thumb Code     6  los_hwi.o(i.osHwiDefaultHandler)
    osHwiInit                                0x08001105   Thumb Code    20  los_hwi.o(i.osHwiInit)
    osIdleTask                               0x08001121   Thumb Code     2  los_task.o(i.osIdleTask)
    osIdleTaskCreate                         0x08001125   Thumb Code    44  los_task.o(i.osIdleTaskCreate)
    osMain                                   0x08001165   Thumb Code    78  los_config.o(i.osMain)
    osMemSystemInit                          0x080013dd   Thumb Code    14  los_memory.o(i.osMemSystemInit)
    osMuxInit                                0x080013f5   Thumb Code    72  los_mux.o(i.osMuxInit)
    osPriqueueInit                           0x08001449   Thumb Code    42  los_priqueue.o(i.osPriqueueInit)
    osQueueCreate                            0x0800147d   Thumb Code    88  los_queue.o(i.osQueueCreate)
    osQueueInit                              0x080014e1   Thumb Code    36  los_queue.o(i.osQueueInit)
    osRegister                               0x080015c9   Thumb Code    14  los_config.o(i.osRegister)
    osSchedule                               0x080015e5   Thumb Code     4  los_hw.o(i.osSchedule)
    osSemInit                                0x080015e9   Thumb Code    68  los_sem.o(i.osSemInit)
    osSwTmrInit                              0x08001639   Thumb Code   118  los_swtmr.o(i.osSwTmrInit)
    osSwTmrStart                             0x080016c1   Thumb Code    76  los_swtmr.o(i.osSwTmrStart)
    osSwTmrTask                              0x08001711   Thumb Code    52  los_swtmr.o(i.osSwTmrTask)
    osSwTmrTaskCreate                        0x0800174d   Thumb Code    48  los_swtmr.o(i.osSwTmrTaskCreate)
    osSwtmrScan                              0x08001821   Thumb Code    24  los_swtmr.o(i.osSwtmrScan)
    osTaskAdd2TimerList                      0x0800183d   Thumb Code   126  los_task.o(i.osTaskAdd2TimerList)
    osTaskEntry                              0x080018c1   Thumb Code   144  los_task.o(i.osTaskEntry)
    osTaskExit                               0x08001955   Thumb Code     6  los_hw.o(i.osTaskExit)
    osTaskInit                               0x0800195d   Thumb Code   198  los_task.o(i.osTaskInit)
    osTaskMemUsedDec                         0x08001a31   Thumb Code    32  los_memstat.o(i.osTaskMemUsedDec)
    osTaskMemUsedInc                         0x08001a5d   Thumb Code    36  los_memstat.o(i.osTaskMemUsedInc)
    osTaskScan                               0x08001a8d   Thumb Code   174  los_task.o(i.osTaskScan)
    osTaskSelfDelete                         0x08001b41   Thumb Code   210  los_task.o(i.osTaskSelfDelete)
    osTimerListDelete                        0x08001c19   Thumb Code    48  los_task.o(i.osTimerListDelete)
    osTimesliceCheck                         0x08001c4d   Thumb Code    44  los_timeslice.o(i.osTimesliceCheck)
    osTimesliceInit                          0x08001c85   Thumb Code    12  los_timeslice.o(i.osTimesliceInit)
    osTskStackInit                           0x08001c95   Thumb Code   126  los_hw.o(i.osTskStackInit)
    g_use_ram_vect                           0x08001d1c   Data           1  los_bsp_adapter.o(.constdata)
    Region$$Table$$Base                      0x08001d20   Number         0  anon$$obj.o(Region$$Table)
    Region$$Table$$Limit                     0x08001d50   Number         0  anon$$obj.o(Region$$Table)
    m_pstHwiForm                             0x20000000   Data        1024  los_hwi.o(.vector.bss)
    Image$$ARM_LIB_STACKHEAP$$ZI$$Limit      0x20000600   Number         0  anon$$obj.o ABSOLUTE
    g_pstLosPriorityQueueList                0x20000600   Data           4  los_priqueue.o(.data)
    m_uwSwTmrHandlerQueue                    0x20000604   Data           4  los_swtmr.o(.data)
    m_pstSwtmrCBArray                        0x20000608   Data           4  los_swtmr.o(.data)
    m_pstSwtmrFreeList                       0x2000060c   Data           4  los_swtmr.o(.data)
    m_pstSwtmrSortList                       0x20000610   Data           4  los_swtmr.o(.data)
    g_pfnTskSwitchHook                       0x20000614   Data           4  los_task.o(.data)
    g_usLosTaskLock                          0x20000618   Data           2  los_task.o(.data)
    g_pstTaskCBArray                         0x2000061c   Data           4  los_task.o(.data)
    g_uwTskMaxNum                            0x20000620   Data           4  los_task.o(.data)
    g_uwIdleTaskID                           0x20000624   Data           4  los_task.o(.data)
    g_uwSwtmrTaskID                          0x20000628   Data           4  los_task.o(.data)
    g_bTaskScheduled                         0x2000062c   Data           4  los_task.o(.data)
    g_stLosTask                              0x20000630   Data           8  los_task.o(.data)
    g_stTaskTimerList                        0x20000638   Data           8  los_task.o(.data)
    g_stLosFreeTask                          0x20000640   Data           8  los_task.o(.data)
    g_stTskRecyleList                        0x20000648   Data           8  los_task.o(.data)
    g_stTskSortLink                          0x20000650   Data           8  los_task.o(.data)
    g_ullTickCount                           0x20000658   Data           8  los_tick.o(.data)
    g_stTaskTimeSlice                        0x20000660   Data           8  los_timeslice.o(.data)
    g_pstAllMux                              0x20000668   Data           4  los_mux.o(.data)
    g_stUnusedMuxList                        0x2000066c   Data           8  los_mux.o(.data)
    g_pstAllQueue                            0x20000674   Data           4  los_queue.o(.data)
    g_pstAllSem                              0x20000678   Data           4  los_sem.o(.data)
    g_stUnusedSemList                        0x2000067c   Data           8  los_sem.o(.data)
    g_sys_mem_addr_end                       0x20000684   Data           4  los_config.o(.data)
    m_aucSysMem0                             0x20000688   Data           4  los_config.o(.data)
    g_vuwIntCount                            0x2000068c   Data           4  los_hwi.o(.data)
    g_TestTskId                              0x20000690   Data           4  main.o(.data)
    m_aucSwTmrHandlerPool                    0x20000694   Data         100  los_swtmr.o(.bss)
    g_ucMemStart                             0x200006f8   Data       10240  los_memory.o(.bss)
    g_TskMemUsedInfo                         0x20002ef8   Data          32  los_memstat.o(.bss)
    __initial_sp                             0x20003318   Data           0  startup_stm32f10x_md.o(STACK)



==============================================================================

Memory Map of the image

  Image Entry point : 0x080000ed

  Load Region LR_IROM1 (Base: 0x08000000, Size: 0x000021e4, Max: 0x00020000, ABSOLUTE, COMPRESSED[0x00001e04])

    Execution Region ER_IROM1 (Base: 0x08000000, Size: 0x00001d50, Max: 0x00020000, ABSOLUTE)

    Base Addr    Size         Type   Attr      Idx    E Section Name        Object

    0x08000000   0x000000ec   Data   RO            4    RESET               startup_stm32f10x_md.o
    0x080000ec   0x00000000   Code   RO         4464  * .ARM.Collect$$$$00000000  mc_w.l(entry.o)
    0x080000ec   0x00000004   Code   RO         4483    .ARM.Collect$$$$00000002  mc_w.l(entry3.o)
    0x080000f0   0x00000004   Code   RO         4486    .ARM.Collect$$$$00000004  mc_w.l(entry5.o)
    0x080000f4   0x00000000   Code   RO         4488    .ARM.Collect$$$$00000008  mc_w.l(entry7b.o)
    0x080000f4   0x00000000   Code   RO         4490    .ARM.Collect$$$$0000000A  mc_w.l(entry8b.o)
    0x080000f4   0x00000008   Code   RO         4491    .ARM.Collect$$$$0000000B  mc_w.l(entry9a.o)
    0x080000fc   0x00000000   Code   RO         4493    .ARM.Collect$$$$0000000D  mc_w.l(entry10a.o)
    0x080000fc   0x00000000   Code   RO         4495    .ARM.Collect$$$$0000000F  mc_w.l(entry11a.o)
    0x080000fc   0x00000004   Code   RO         4484    .ARM.Collect$$$$00002713  mc_w.l(entry3.o)
    0x08000100   0x0000001c   Code   RO            5    .text               startup_stm32f10x_md.o
    0x0800011c   0x0000005c   Code   RO         4048    .text               los_dispatch_keil.o
    0x08000178   0x00000024   Code   RO         4471    .text               mc_w.l(memseta.o)
    0x0800019c   0x00000024   Code   RO         4504    .text               mc_w.l(init.o)
    0x080001c0   0x00000056   Code   RO         4514    .text               mc_w.l(__dczerorl2.o)
    0x08000216   0x00000002   PAD
    0x08000218   0x00000088   Code   RO         4049    KERNEL              los_dispatch_keil.o
    0x080002a0   0x00000002   Code   RO         1167    i.ADC1_2_IRQHandler  stm32f10x_it.o
    0x080002a2   0x00000002   Code   RO         1169    i.BusFault_Handler  stm32f10x_it.o
    0x080002a4   0x00000002   Code   RO         1172    i.DMA1_Channel1_IRQHandler  stm32f10x_it.o
    0x080002a6   0x00000002   Code   RO         1173    i.DMA1_Channel2_IRQHandler  stm32f10x_it.o
    0x080002a8   0x00000002   Code   RO         1174    i.DMA1_Channel3_IRQHandler  stm32f10x_it.o
    0x080002aa   0x00000002   Code   RO         1175    i.DMA1_Channel4_IRQHandler  stm32f10x_it.o
    0x080002ac   0x00000002   Code   RO         1176    i.DMA1_Channel5_IRQHandler  stm32f10x_it.o
    0x080002ae   0x00000002   Code   RO         1177    i.DMA1_Channel6_IRQHandler  stm32f10x_it.o
    0x080002b0   0x00000002   Code   RO         1178    i.DMA1_Channel7_IRQHandler  stm32f10x_it.o
    0x080002b2   0x00000002   Code   RO         1183    i.DebugMon_Handler  stm32f10x_it.o
    0x080002b4   0x00000002   Code   RO         1184    i.EXTI0_IRQHandler  stm32f10x_it.o
    0x080002b6   0x00000002   Code   RO         1185    i.EXTI15_10_IRQHandler  stm32f10x_it.o
    0x080002b8   0x00000002   Code   RO         1186    i.EXTI1_IRQHandler  stm32f10x_it.o
    0x080002ba   0x00000002   Code   RO         1187    i.EXTI2_IRQHandler  stm32f10x_it.o
    0x080002bc   0x00000002   Code   RO         1188    i.EXTI3_IRQHandler  stm32f10x_it.o
    0x080002be   0x00000002   Code   RO         1189    i.EXTI4_IRQHandler  stm32f10x_it.o
    0x080002c0   0x00000002   Code   RO         1190    i.EXTI9_5_IRQHandler  stm32f10x_it.o
    0x080002c2   0x00000002   Code   RO         1191    i.FLASH_IRQHandler  stm32f10x_it.o
    0x080002c4   0x0000009c   Code   RO          839    i.GPIO_Init         stm32f10x_gpio.o
    0x08000360   0x00000004   Code   RO          846    i.GPIO_ResetBits    stm32f10x_gpio.o
    0x08000364   0x00000004   Code   RO          847    i.GPIO_SetBits      stm32f10x_gpio.o
    0x08000368   0x00000002   Code   RO         1193    i.HardFault_Handler  stm32f10x_it.o
    0x0800036a   0x00000002   Code   RO         1194    i.I2C1_ER_IRQHandler  stm32f10x_it.o
    0x0800036c   0x00000002   Code   RO         1195    i.I2C1_EV_IRQHandler  stm32f10x_it.o
    0x0800036e   0x00000002   Code   RO         1196    i.I2C2_ER_IRQHandler  stm32f10x_it.o
    0x08000370   0x00000002   Code   RO         1197    i.I2C2_EV_IRQHandler  stm32f10x_it.o
    0x08000372   0x00000014   Code   RO         3971    i.LOS_Align         los_misc.o
    0x08000386   0x00000010   Code   RO         3939    i.LOS_DLnkInitMultiHead  los_multipledlinkhead.o
    0x08000396   0x00000020   Code   RO         3940    i.LOS_DLnkMultiHead  los_multipledlinkhead.o
    0x080003b6   0x00000002   PAD
    0x080003b8   0x00000020   Code   RO         4179    i.LOS_EvbLedControl  los_bsp_led.o
    0x080003d8   0x0000002c   Code   RO         4180    i.LOS_EvbLedInit    los_bsp_led.o
    0x08000404   0x0000000e   Code   RO         3269    i.LOS_ListAdd       los_task.o
    0x08000412   0x0000000e   Code   RO         3554    i.LOS_ListAdd       los_mux.o
    0x08000420   0x0000000e   Code   RO         3614    i.LOS_ListAdd       los_queue.o
    0x0800042e   0x0000000e   Code   RO         3697    i.LOS_ListAdd       los_sem.o
    0x0800043c   0x0000000e   Code   RO         3790    i.LOS_ListAdd       los_memory.o
    0x0800044a   0x00000014   Code   RO         3270    i.LOS_ListDelete    los_task.o
    0x0800045e   0x00000014   Code   RO         3698    i.LOS_ListDelete    los_sem.o
    0x08000472   0x00000014   Code   RO         3791    i.LOS_ListDelete    los_memory.o
    0x08000486   0x0000000e   Code   RO         3271    i.LOS_ListEmpty     los_task.o
    0x08000494   0x0000000e   Code   RO         3615    i.LOS_ListEmpty     los_queue.o
    0x080004a2   0x0000000e   Code   RO         3699    i.LOS_ListEmpty     los_sem.o
    0x080004b0   0x00000006   Code   RO         3272    i.LOS_ListTailInsert  los_task.o
    0x080004b6   0x00000002   PAD
    0x080004b8   0x00000120   Code   RO         3941    i.LOS_Log2          los_multipledlinkhead.o
    0x080005d8   0x0000002c   Code   RO         3792    i.LOS_MemAlloc      los_memory.o
    0x08000604   0x00000048   Code   RO         3793    i.LOS_MemAllocAlign  los_memory.o
    0x0800064c   0x00000044   Code   RO         3794    i.LOS_MemFree       los_memory.o
    0x08000690   0x00000074   Code   RO         3795    i.LOS_MemInit       los_memory.o
    0x08000704   0x00000030   Code   RO         3757    i.LOS_MemboxAlloc   los_membox.o
    0x08000734   0x00000060   Code   RO         3759    i.LOS_MemboxFree    los_membox.o
    0x08000794   0x0000005e   Code   RO         3760    i.LOS_MemboxInit    los_membox.o
    0x080007f2   0x00000014   Code   RO         2957    i.LOS_PriqueueDequeue  los_priqueue.o
    0x08000806   0x00000002   PAD
    0x08000808   0x0000001c   Code   RO         2958    i.LOS_PriqueueEnqueue  los_priqueue.o
    0x08000824   0x00000020   Code   RO         2959    i.LOS_PriqueueSize  los_priqueue.o
    0x08000844   0x00000028   Code   RO         2960    i.LOS_PriqueueTop   los_priqueue.o
    0x0800086c   0x00000074   Code   RO         3616    i.LOS_QueueCreate   los_queue.o
    0x080008e0   0x00000118   Code   RO         3618    i.LOS_QueueRead     los_queue.o
    0x080009f8   0x00000120   Code   RO         3619    i.LOS_QueueWrite    los_queue.o
    0x08000b18   0x00000040   Code   RO         4255    i.LOS_Schedule      los_hw.o
    0x08000b58   0x000000a8   Code   RO         3703    i.LOS_SemPost       los_sem.o
    0x08000c00   0x0000000c   Code   RO         3991    i.LOS_Start         los_config.o
    0x08000c0c   0x00000070   Code   RO         3273    i.LOS_TaskCreate    los_task.o
    0x08000c7c   0x0000015c   Code   RO         3274    i.LOS_TaskCreateOnly  los_task.o
    0x08000dd8   0x00000070   Code   RO         3275    i.LOS_TaskDelay     los_task.o
    0x08000e48   0x0000001c   Code   RO         3277    i.LOS_TaskLock      los_task.o
    0x08000e64   0x00000030   Code   RO         3282    i.LOS_TaskUnlock    los_task.o
    0x08000e94   0x00000068   Code   RO         3283    i.LOS_TaskYield     los_task.o
    0x08000efc   0x0000003c   Code   RO         4371    i.Led_CreateTask    main.o
    0x08000f38   0x00000026   Code   RO         4372    i.Led_Task          main.o
    0x08000f5e   0x00000002   Code   RO         4056    i.LosAdapIntInit    los_bsp_adapter.o
    0x08000f60   0x00000002   Code   RO         1198    i.MemManage_Handler  stm32f10x_it.o
    0x08000f62   0x00000002   Code   RO         1199    i.NMI_Handler       stm32f10x_it.o
    0x08000f64   0x00000002   Code   RO         1200    i.PVD_IRQHandler    stm32f10x_it.o
    0x08000f66   0x00000002   PAD
    0x08000f68   0x00000018   Code   RO         1709    i.RCC_APB2PeriphClockCmd  stm32f10x_rcc.o
    0x08000f80   0x00000040   Code   RO         1716    i.RCC_DeInit        stm32f10x_rcc.o
    0x08000fc0   0x00000030   Code   RO         1718    i.RCC_GetFlagStatus  stm32f10x_rcc.o
    0x08000ff0   0x00000034   Code   RO         1722    i.RCC_HSEConfig     stm32f10x_rcc.o
    0x08001024   0x00000002   Code   RO         1201    i.RCC_IRQHandler    stm32f10x_it.o
    0x08001026   0x0000002c   Code   RO         1736    i.RCC_WaitForHSEStartUp  stm32f10x_rcc.o
    0x08001052   0x00000002   Code   RO         1202    i.RTCAlarm_IRQHandler  stm32f10x_it.o
    0x08001054   0x00000002   Code   RO         1203    i.RTC_IRQHandler    stm32f10x_it.o
    0x08001056   0x00000002   Code   RO         1205    i.SPI1_IRQHandler   stm32f10x_it.o
    0x08001058   0x00000002   Code   RO         1206    i.SPI2_IRQHandler   stm32f10x_it.o
    0x0800105a   0x00000002   PAD
    0x0800105c   0x00000028   Code   RO         3452    i.SysTick_Handler   los_tick.o
    0x08001084   0x00000002   Code   RO         1208    i.TAMPER_IRQHandler  stm32f10x_it.o
    0x08001086   0x00000002   Code   RO         1209    i.TIM1_BRK_IRQHandler  stm32f10x_it.o
    0x08001088   0x00000002   Code   RO         1210    i.TIM1_CC_IRQHandler  stm32f10x_it.o
    0x0800108a   0x00000002   Code   RO         1211    i.TIM1_TRG_COM_IRQHandler  stm32f10x_it.o
    0x0800108c   0x00000002   Code   RO         1212    i.TIM1_UP_IRQHandler  stm32f10x_it.o
    0x0800108e   0x00000002   Code   RO         1213    i.TIM2_IRQHandler   stm32f10x_it.o
    0x08001090   0x00000002   Code   RO         1214    i.TIM3_IRQHandler   stm32f10x_it.o
    0x08001092   0x00000002   Code   RO         1215    i.TIM4_IRQHandler   stm32f10x_it.o
    0x08001094   0x00000002   Code   RO         1225    i.USART1_IRQHandler  stm32f10x_it.o
    0x08001096   0x00000002   Code   RO         1226    i.USART2_IRQHandler  stm32f10x_it.o
    0x08001098   0x00000002   Code   RO         1227    i.USART3_IRQHandler  stm32f10x_it.o
    0x0800109a   0x00000002   Code   RO         1228    i.USBWakeUp_IRQHandler  stm32f10x_it.o
    0x0800109c   0x00000002   Code   RO         1229    i.USB_HP_CAN1_TX_IRQHandler  stm32f10x_it.o
    0x0800109e   0x00000002   Code   RO         1230    i.USB_LP_CAN1_RX0_IRQHandler  stm32f10x_it.o
    0x080010a0   0x00000002   Code   RO         1231    i.UsageFault_Handler  stm32f10x_it.o
    0x080010a2   0x00000002   Code   RO         1232    i.WWDG_IRQHandler   stm32f10x_it.o
    0x080010a4   0x0000000e   Code   RO         4508    i.__scatterload_copy  mc_w.l(handlers.o)
    0x080010b2   0x00000002   Code   RO         4509    i.__scatterload_null  mc_w.l(handlers.o)
    0x080010b4   0x0000000e   Code   RO         4510    i.__scatterload_zeroinit  mc_w.l(handlers.o)
    0x080010c2   0x00000016   Code   RO         4374    i.main              main.o
    0x080010d8   0x00000026   Code   RO         4375    i.osAppInit         main.o
    0x080010fe   0x00000006   Code   RO         4315    i.osHwiDefaultHandler  los_hwi.o
    0x08001104   0x0000001c   Code   RO         4316    i.osHwiInit         los_hwi.o
    0x08001120   0x00000002   Code   RO         3284    i.osIdleTask        los_task.o
    0x08001122   0x00000002   PAD
    0x08001124   0x00000040   Code   RO         3285    i.osIdleTaskCreate  los_task.o
    0x08001164   0x00000054   Code   RO         3994    i.osMain            los_config.o
    0x080011b8   0x00000078   Code   RO         3797    i.osMemAllocWithCheck  los_memory.o
    0x08001230   0x00000078   Code   RO         3798    i.osMemCheckUsedNode  los_memory.o
    0x080012a8   0x00000086   Code   RO         3799    i.osMemFreeNode     los_memory.o
    0x0800132e   0x0000002e   Code   RO         3800    i.osMemIsNodeValid  los_memory.o
    0x0800135c   0x0000001c   Code   RO         3801    i.osMemMergeNode    los_memory.o
    0x08001378   0x0000001c   Code   RO         3802    i.osMemSetMagicNumAndTaskid  los_memory.o
    0x08001394   0x00000046   Code   RO         3803    i.osMemSpitNode     los_memory.o
    0x080013da   0x00000002   PAD
    0x080013dc   0x00000018   Code   RO         3804    i.osMemSystemInit   los_memory.o
    0x080013f4   0x00000054   Code   RO         3561    i.osMuxInit         los_mux.o
    0x08001448   0x00000034   Code   RO         2962    i.osPriqueueInit    los_priqueue.o
    0x0800147c   0x00000064   Code   RO         3620    i.osQueueCreate     los_queue.o
    0x080014e0   0x00000030   Code   RO         3621    i.osQueueInit       los_queue.o
    0x08001510   0x00000068   Code   RO         3624    i.osQueuePend       los_queue.o
    0x08001578   0x00000050   Code   RO         3625    i.osQueueWakeUp     los_queue.o
    0x080015c8   0x0000001c   Code   RO         3995    i.osRegister        los_config.o
    0x080015e4   0x00000004   Code   RO         4256    i.osSchedule        los_hw.o
    0x080015e8   0x00000050   Code   RO         3704    i.osSemInit         los_sem.o
    0x08001638   0x00000088   Code   RO         3067    i.osSwTmrInit       los_swtmr.o
    0x080016c0   0x00000050   Code   RO         3068    i.osSwTmrStart      los_swtmr.o
    0x08001710   0x0000003c   Code   RO         3069    i.osSwTmrTask       los_swtmr.o
    0x0800174c   0x00000044   Code   RO         3070    i.osSwTmrTaskCreate  los_swtmr.o
    0x08001790   0x0000007c   Code   RO         3071    i.osSwTmrTimeoutHandle  los_swtmr.o
    0x0800180c   0x00000014   Code   RO         3072    i.osSwtmrDelete     los_swtmr.o
    0x08001820   0x0000001c   Code   RO         3073    i.osSwtmrScan       los_swtmr.o
    0x0800183c   0x00000084   Code   RO         3286    i.osTaskAdd2TimerList  los_task.o
    0x080018c0   0x00000094   Code   RO         3287    i.osTaskEntry       los_task.o
    0x08001954   0x00000006   Code   RO         4257    i.osTaskExit        los_hw.o
    0x0800195a   0x00000002   PAD
    0x0800195c   0x000000d4   Code   RO         3288    i.osTaskInit        los_task.o
    0x08001a30   0x0000002c   Code   RO         3910    i.osTaskMemUsedDec  los_memstat.o
    0x08001a5c   0x00000030   Code   RO         3911    i.osTaskMemUsedInc  los_memstat.o
    0x08001a8c   0x000000b4   Code   RO         3290    i.osTaskScan        los_task.o
    0x08001b40   0x000000d8   Code   RO         3291    i.osTaskSelfDelete  los_task.o
    0x08001c18   0x00000034   Code   RO         3292    i.osTimerListDelete  los_task.o
    0x08001c4c   0x00000038   Code   RO         3482    i.osTimesliceCheck  los_timeslice.o
    0x08001c84   0x00000010   Code   RO         3483    i.osTimesliceInit   los_timeslice.o
    0x08001c94   0x00000088   Code   RO         4258    i.osTskStackInit    los_hw.o
    0x08001d1c   0x00000001   Data   RO         4062    .constdata          los_bsp_adapter.o
    0x08001d1d   0x00000003   PAD
    0x08001d20   0x00000030   Data   RO         4506    Region$$Table       anon$$obj.o


    Execution Region VECTOR (Base: 0x20000000, Size: 0x00000400, Max: 0x00000400, ABSOLUTE, COMPRESSED[0x00000020])

    Base Addr    Size         Type   Attr      Idx    E Section Name        Object

    0x20000000   0x00000400   Data   RW         4321    .vector.bss         los_hwi.o


    Execution Region ARM_LIB_STACKHEAP (Base: 0x20000400, Size: 0x00000200, Max: 0x00000200, ABSOLUTE)

    Base Addr    Size         Type   Attr      Idx    E Section Name        Object

    0x20000400   0x00000200   Zero   RW            1    ARM_LIB_STACKHEAP.bss  anon$$obj.o


    Execution Region RW_IRAM1 (Base: 0x20000600, Size: 0x00002d18, Max: 0x00004a00, ABSOLUTE)

    Base Addr    Size         Type   Attr      Idx    E Section Name        Object

    0x20000600   0x00000004   Data   RW         2963    .data               los_priqueue.o
    0x20000604   0x00000010   Data   RW         3076    .data               los_swtmr.o
    0x20000614   0x00000004   Data   RW         3293    .data               los_task.o
    0x20000618   0x00000040   Data   RW         3294    .data               los_task.o
    0x20000658   0x00000008   Data   RW         3453    .data               los_tick.o
    0x20000660   0x00000008   Data   RW         3484    .data               los_timeslice.o
    0x20000668   0x0000000c   Data   RW         3562    .data               los_mux.o
    0x20000674   0x00000004   Data   RW         3626    .data               los_queue.o
    0x20000678   0x0000000c   Data   RW         3705    .data               los_sem.o
    0x20000684   0x00000004   Data   RW         3996    .data               los_config.o
    0x20000688   0x00000004   Data   RW         3997    .data               los_config.o
    0x2000068c   0x00000004   Data   RW         4320    .data               los_hwi.o
    0x20000690   0x00000004   Data   RW         4376    .data               main.o
    0x20000694   0x00000064   Zero   RW         3075    .bss                los_swtmr.o
    0x200006f8   0x00002800   Zero   RW         3805    .bss                los_memory.o
    0x20002ef8   0x00000020   Zero   RW         3912    .bss                los_memstat.o
    0x20002f18   0x00000400   Zero   RW            2    STACK               startup_stm32f10x_md.o


==============================================================================

Image component sizes


      Code (inc. data)   RO Data    RW Data    ZI Data      Debug   Object Name

         0          0          0          0          0       4548   core_cm3.o
         2          0          1          0          0       8083   los_bsp_adapter.o
        76         10          0          0          0       1129   los_bsp_led.o
       124         20          0          8          0       2532   los_config.o
       228         30          0          0          0        716   los_dispatch_keil.o
       210         20          0          0          0       2854   los_hw.o
        34          8          0       1028          0       4671   los_hwi.o
       238         10          0          0          0       3888   los_membox.o
       904         20          0          0      10240      14792   los_memory.o
        92         24          0          0         32       1921   los_memstat.o
        20          0          0          0          0        596   los_misc.o
       336          6          0          0          0       5604   los_multipledlinkhead.o
        98         12          0         12          0       2664   los_mux.o
       172         28          0          4          0      13642   los_priqueue.o
      1044         72          0          4          0       9701   los_queue.o
       296         20          0         12          0       4510   los_sem.o
       516         70          0         16        100      17323   los_swtmr.o
      1812        122          0         68          0      18355   los_task.o
        40          6          0          8          0        847   los_tick.o
        72         16          0          8          0       1233   los_timeslice.o
       158         20          0          4          0       2939   main.o
        28          4        236          0       1024        808   startup_stm32f10x_md.o
       164          0          0          0          0       2912   stm32f10x_gpio.o
        94          0          0          0          0      19759   stm32f10x_it.o
       232         30          0          0          0       5010   stm32f10x_rcc.o
         0          0          0          0          0     218756   system_stm32f10x.o

    ----------------------------------------------------------------------
      7006        548        288       1172      11908     369793   Object Totals
         0          0         48          0        512          0   (incl. Generated)
        16          0          3          0          0          0   (incl. Padding)

    ----------------------------------------------------------------------

      Code (inc. data)   RO Data    RW Data    ZI Data      Debug   Library Member Name

        86          0          0          0          0          0   __dczerorl2.o
         0          0          0          0          0          0   entry.o
         0          0          0          0          0          0   entry10a.o
         0          0          0          0          0          0   entry11a.o
         8          4          0          0          0          0   entry3.o
         4          0          0          0          0          0   entry5.o
         0          0          0          0          0          0   entry7b.o
         0          0          0          0          0          0   entry8b.o
         8          4          0          0          0          0   entry9a.o
        30          0          0          0          0          0   handlers.o
        36          8          0          0          0         68   init.o
        36          0          0          0          0        108   memseta.o

    ----------------------------------------------------------------------
       210         16          0          0          0        176   Library Totals
         2          0          0          0          0          0   (incl. Padding)

    ----------------------------------------------------------------------

      Code (inc. data)   RO Data    RW Data    ZI Data      Debug   Library Name

       208         16          0          0          0        176   mc_w.l

    ----------------------------------------------------------------------
       210         16          0          0          0        176   Library Totals

    ----------------------------------------------------------------------

==============================================================================


      Code (inc. data)   RO Data    RW Data    ZI Data      Debug   

      7216        564        288       1172      11908     362973   Grand Totals
      7216        564        288        180      11908     362973   ELF Image Totals (compressed)
      7216        564        288        180          0          0   ROM Totals

==============================================================================

    Total RO  Size (Code + RO Data)                 7504 (   7.33kB)
    Total RW  Size (RW Data + ZI Data)             13080 (  12.77kB)
    Total ROM Size (Code + RO Data + RW Data)       7684 (   7.50kB)

==============================================================================

